Archive member included to satisfy reference by file (symbol)

/opt/st/stm32cubeide_1.18.1/plugins/com.st.stm32cube.ide.mcu.externaltools.gnu-tools-for-stm32.13.3.rel1.linux64_1.0.0.202410170706/tools/bin/../lib/gcc/arm-none-eabi/13.3.1/../../../../arm-none-eabi/lib/thumb/v8-m.main+fp/hard/libc_nano.a(libc_a-exit.o)
                              /opt/st/stm32cubeide_1.18.1/plugins/com.st.stm32cube.ide.mcu.externaltools.gnu-tools-for-stm32.13.3.rel1.linux64_1.0.0.202410170706/tools/bin/../lib/gcc/arm-none-eabi/13.3.1/../../../../arm-none-eabi/lib/thumb/v8-m.main+fp/hard/crt0.o (exit)
/opt/st/stm32cubeide_1.18.1/plugins/com.st.stm32cube.ide.mcu.externaltools.gnu-tools-for-stm32.13.3.rel1.linux64_1.0.0.202410170706/tools/bin/../lib/gcc/arm-none-eabi/13.3.1/../../../../arm-none-eabi/lib/thumb/v8-m.main+fp/hard/libc_nano.a(libc_a-findfp.o)
                              /opt/st/stm32cubeide_1.18.1/plugins/com.st.stm32cube.ide.mcu.externaltools.gnu-tools-for-stm32.13.3.rel1.linux64_1.0.0.202410170706/tools/bin/../lib/gcc/arm-none-eabi/13.3.1/../../../../arm-none-eabi/lib/thumb/v8-m.main+fp/hard/libc_nano.a(libc_a-exit.o) (__stdio_exit_handler)
/opt/st/stm32cubeide_1.18.1/plugins/com.st.stm32cube.ide.mcu.externaltools.gnu-tools-for-stm32.13.3.rel1.linux64_1.0.0.202410170706/tools/bin/../lib/gcc/arm-none-eabi/13.3.1/../../../../arm-none-eabi/lib/thumb/v8-m.main+fp/hard/libc_nano.a(libc_a-fwalk.o)
                              /opt/st/stm32cubeide_1.18.1/plugins/com.st.stm32cube.ide.mcu.externaltools.gnu-tools-for-stm32.13.3.rel1.linux64_1.0.0.202410170706/tools/bin/../lib/gcc/arm-none-eabi/13.3.1/../../../../arm-none-eabi/lib/thumb/v8-m.main+fp/hard/libc_nano.a(libc_a-findfp.o) (_fwalk_sglue)
/opt/st/stm32cubeide_1.18.1/plugins/com.st.stm32cube.ide.mcu.externaltools.gnu-tools-for-stm32.13.3.rel1.linux64_1.0.0.202410170706/tools/bin/../lib/gcc/arm-none-eabi/13.3.1/../../../../arm-none-eabi/lib/thumb/v8-m.main+fp/hard/libc_nano.a(libc_a-stdio.o)
                              /opt/st/stm32cubeide_1.18.1/plugins/com.st.stm32cube.ide.mcu.externaltools.gnu-tools-for-stm32.13.3.rel1.linux64_1.0.0.202410170706/tools/bin/../lib/gcc/arm-none-eabi/13.3.1/../../../../arm-none-eabi/lib/thumb/v8-m.main+fp/hard/libc_nano.a(libc_a-findfp.o) (__sread)
/opt/st/stm32cubeide_1.18.1/plugins/com.st.stm32cube.ide.mcu.externaltools.gnu-tools-for-stm32.13.3.rel1.linux64_1.0.0.202410170706/tools/bin/../lib/gcc/arm-none-eabi/13.3.1/../../../../arm-none-eabi/lib/thumb/v8-m.main+fp/hard/libc_nano.a(libc_a-memset.o)
                              /opt/st/stm32cubeide_1.18.1/plugins/com.st.stm32cube.ide.mcu.externaltools.gnu-tools-for-stm32.13.3.rel1.linux64_1.0.0.202410170706/tools/bin/../lib/gcc/arm-none-eabi/13.3.1/../../../../arm-none-eabi/lib/thumb/v8-m.main+fp/hard/crt0.o (memset)
/opt/st/stm32cubeide_1.18.1/plugins/com.st.stm32cube.ide.mcu.externaltools.gnu-tools-for-stm32.13.3.rel1.linux64_1.0.0.202410170706/tools/bin/../lib/gcc/arm-none-eabi/13.3.1/../../../../arm-none-eabi/lib/thumb/v8-m.main+fp/hard/libc_nano.a(libc_a-closer.o)
                              /opt/st/stm32cubeide_1.18.1/plugins/com.st.stm32cube.ide.mcu.externaltools.gnu-tools-for-stm32.13.3.rel1.linux64_1.0.0.202410170706/tools/bin/../lib/gcc/arm-none-eabi/13.3.1/../../../../arm-none-eabi/lib/thumb/v8-m.main+fp/hard/libc_nano.a(libc_a-stdio.o) (_close_r)
/opt/st/stm32cubeide_1.18.1/plugins/com.st.stm32cube.ide.mcu.externaltools.gnu-tools-for-stm32.13.3.rel1.linux64_1.0.0.202410170706/tools/bin/../lib/gcc/arm-none-eabi/13.3.1/../../../../arm-none-eabi/lib/thumb/v8-m.main+fp/hard/libc_nano.a(libc_a-reent.o)
                              /opt/st/stm32cubeide_1.18.1/plugins/com.st.stm32cube.ide.mcu.externaltools.gnu-tools-for-stm32.13.3.rel1.linux64_1.0.0.202410170706/tools/bin/../lib/gcc/arm-none-eabi/13.3.1/../../../../arm-none-eabi/lib/thumb/v8-m.main+fp/hard/libc_nano.a(libc_a-closer.o) (errno)
/opt/st/stm32cubeide_1.18.1/plugins/com.st.stm32cube.ide.mcu.externaltools.gnu-tools-for-stm32.13.3.rel1.linux64_1.0.0.202410170706/tools/bin/../lib/gcc/arm-none-eabi/13.3.1/../../../../arm-none-eabi/lib/thumb/v8-m.main+fp/hard/libc_nano.a(libc_a-impure.o)
                              /opt/st/stm32cubeide_1.18.1/plugins/com.st.stm32cube.ide.mcu.externaltools.gnu-tools-for-stm32.13.3.rel1.linux64_1.0.0.202410170706/tools/bin/../lib/gcc/arm-none-eabi/13.3.1/../../../../arm-none-eabi/lib/thumb/v8-m.main+fp/hard/libc_nano.a(libc_a-reent.o) (_impure_ptr)
/opt/st/stm32cubeide_1.18.1/plugins/com.st.stm32cube.ide.mcu.externaltools.gnu-tools-for-stm32.13.3.rel1.linux64_1.0.0.202410170706/tools/bin/../lib/gcc/arm-none-eabi/13.3.1/../../../../arm-none-eabi/lib/thumb/v8-m.main+fp/hard/libc_nano.a(libc_a-lseekr.o)
[...]
Memory Configuration

Name             Origin             Length             Attributes
RAM              0x20000000         0x00044000         xrw
FLASH            0x08000000         0x00080000         xr
*default*        0x00000000         0xffffffff

Linker script and memory map

LOAD /opt/st/stm32cubeide_1.18.1/plugins/com.st.stm32cube.ide.mcu.externaltools.gnu-tools-for-stm32.13.3.rel1.linux64_1.0.0.202410170706/tools/bin/../lib/gcc/arm-none-eabi/13.3.1/thumb/v8-m.main+fp/hard/crti.o
LOAD /opt/st/stm32cubeide_1.18.1/plugins/com.st.stm32cube.ide.mcu.externaltools.gnu-tools-for-stm32.13.3.rel1.linux64_1.0.0.202410170706/tools/bin/../lib/gcc/arm-none-eabi/13.3.1/thumb/v8-m.main+fp/hard/crtbegin.o
LOAD /opt/st/stm32cubeide_1.18.1/plugins/com.st.stm32cube.ide.mcu.externaltools.gnu-tools-for-stm32.13.3.rel1.linux64_1.0.0.202410170706/tools/bin/../lib/gcc/arm-none-eabi/13.3.1/../../../../arm-none-eabi/lib/thumb/v8-m.main+fp/hard/crt0.o
LOAD ./Core/Src/main.o
LOAD ./Core/Src/stm32h5xx_hal_msp.o
LOAD ./Core/Src/stm32h5xx_it.o
LOAD ./Core/Src/syscalls.o
LOAD ./Core/Src/sysmem.o
LOAD ./Core/Src/system_stm32h5xx.o
LOAD ./Core/Startup/startup_stm32h533retx.o
LOAD ./Drivers/BSP/STM32H5xx_Nucleo/stm32h5xx_nucleo.o
LOAD ./Drivers/STM32H5xx_HAL_Driver/Src/stm32h5xx_hal.o
LOAD ./Drivers/STM32H5xx_HAL_Driver/Src/stm32h5xx_hal_adc.o
LOAD ./Drivers/STM32H5xx_HAL_Driver/Src/stm32h5xx_hal_adc_ex.o
LOAD ./Drivers/STM32H5xx_HAL_Driver/Src/stm32h5xx_hal_cortex.o
LOAD ./Drivers/STM32H5xx_HAL_Driver/Src/stm32h5xx_hal_dma.o
LOAD ./Drivers/STM32H5xx_HAL_Driver/Src/stm32h5xx_hal_dma_ex.o
LOAD ./Drivers/STM32H5xx_HAL_Driver/Src/stm32h5xx_hal_exti.o
LOAD ./Drivers/STM32H5xx_HAL_Driver/Src/stm32h5xx_hal_flash.o
LOAD ./Drivers/STM32H5xx_HAL_Driver/Src/stm32h5xx_hal_flash_ex.o
LOAD ./Drivers/STM32H5xx_HAL_Driver/Src/stm32h5xx_hal_gpio.o
LOAD ./Drivers/STM32H5xx_HAL_Driver/Src/stm32h5xx_hal_pwr.o
LOAD ./Drivers/STM32H5xx_HAL_Driver/Src/stm32h5xx_hal_pwr_ex.o
LOAD ./Drivers/STM32H5xx_HAL_Driver/Src/stm32h5xx_hal_rcc.o
LOAD ./Drivers/STM32H5xx_HAL_Driver/Src/stm32h5xx_hal_rcc_ex.o
LOAD ./Drivers/STM32H5xx_HAL_Driver/Src/stm32h5xx_hal_tim.o
LOAD ./Drivers/STM32H5xx_HAL_Driver/Src/stm32h5xx_hal_tim_ex.o
LOAD ./Drivers/STM32H5xx_HAL_Driver/Src/stm32h5xx_hal_uart.o
LOAD ./Drivers/STM32H5xx_HAL_Driver/Src/stm32h5xx_hal_uart_ex.o
LOAD ./Drivers/STM32H5xx_HAL_Driver/Src/stm32h5xx_hal_usart.o
LOAD ./Drivers/STM32H5xx_HAL_Driver/Src/stm32h5xx_hal_usart_ex.o
START GROUP
LOAD /opt/st/stm32cubeide_1.18.1/plugins/com.st.stm32cube.ide.mcu.externaltools.gnu-tools-for-stm32.13.3.rel1.linux64_1.0.0.202410170706/tools/bin/../lib/gcc/arm-none-eabi/13.3.1/../../../../arm-none-eabi/lib/thumb/v8-m.main+fp/hard/libstdc++_nano.a
LOAD /opt/st/stm32cubeide_1.18.1/plugins/com.st.stm32cube.ide.mcu.externaltools.gnu-tools-for-stm32.13.3.rel1.linux64_1.0.0.202410170706/tools/bin/../lib/gcc/arm-none-eabi/13.3.1/../../../../arm-none-eabi/lib/thumb/v8-m.main+fp/hard/libsupc++_nano.a
END GROUP
LOAD /opt/st/stm32cubeide_1.18.1/plugins/com.st.stm32cube.ide.mcu.externaltools.gnu-tools-for-stm32.13.3.rel1.linux64_1.0.0.202410170706/tools/bin/../lib/gcc/arm-none-eabi/13.3.1/../../../../arm-none-eabi/lib/thumb/v8-m.main+fp/hard/libstdc++_nano.a
LOAD /opt/st/stm32cubeide_1.18.1/plugins/com.st.stm32cube.ide.mcu.externaltools.gnu-tools-for-stm32.13.3.rel1.linux64_1.0.0.202410170706/tools/bin/../lib/gcc/arm-none-eabi/13.3.1/../../../../arm-none-eabi/lib/thumb/v8-m.main+fp/hard/libm.a
LOAD /opt/st/stm32cubeide_1.18.1/plugins/com.st.stm32cube.ide.mcu.externaltools.gnu-tools-for-stm32.13.3.rel1.linux64_1.0.0.202410170706/tools/bin/../lib/gcc/arm-none-eabi/13.3.1/../../../../arm-none-eabi/lib/thumb/v8-m.main+fp/hard/libc_nano.a
START GROUP
LOAD /opt/st/stm32cubeide_1.18.1/plugins/com.st.stm32cube.ide.mcu.externaltools.gnu-tools-for-stm32.13.3.rel1.linux64_1.0.0.202410170706/tools/bin/../lib/gcc/arm-none-eabi/13.3.1/thumb/v8-m.main+fp/hard/libgcc.a
LOAD /opt/st/stm32cubeide_1.18.1/plugins/com.st.stm32cube.ide.mcu.externaltools.gnu-tools-for-stm32.13.3.rel1.linux64_1.0.0.202410170706/tools/bin/../lib/gcc/arm-none-eabi/13.3.1/../../../../arm-none-eabi/lib/thumb/v8-m.main+fp/hard/libc_nano.a
END GROUP
START GROUP
LOAD /opt/st/stm32cubeide_1.18.1/plugins/com.st.stm32cube.ide.mcu.externaltools.gnu-tools-for-stm32.13.3.rel1.linux64_1.0.0.202410170706/tools/bin/../lib/gcc/arm-none-eabi/13.3.1/thumb/v8-m.main+fp/hard/libgcc.a
LOAD /opt/st/stm32cubeide_1.18.1/plugins/com.st.stm32cube.ide.mcu.externaltools.gnu-tools-for-stm32.13.3.rel1.linux64_1.0.0.202410170706/tools/bin/../lib/gcc/arm-none-eabi/13.3.1/../../../../arm-none-eabi/lib/thumb/v8-m.main+fp/hard/libc_nano.a
LOAD /opt/st/stm32cubeide_1.18.1/plugins/com.st.stm32cube.ide.mcu.externaltools.gnu-tools-for-stm32.13.3.rel1.linux64_1.0.0.202410170706/tools/bin/../lib/gcc/arm-none-eabi/13.3.1/../../../../arm-none-eabi/lib/thumb/v8-m.main+fp/hard/libnosys.a
END GROUP
START GROUP
LOAD /opt/st/stm32cubeide_1.18.1/plugins/com.st.stm32cube.ide.mcu.externaltools.gnu-tools-for-stm32.13.3.rel1.linux64_1.0.0.202410170706/tools/bin/../lib/gcc/arm-none-eabi/13.3.1/thumb/v8-m.main+fp/hard/libgcc.a
LOAD /opt/st/stm32cubeide_1.18.1/plugins/com.st.stm32cube.ide.mcu.externaltools.gnu-tools-for-stm32.13.3.rel1.linux64_1.0.0.202410170706/tools/bin/../lib/gcc/arm-none-eabi/13.3.1/../../../../arm-none-eabi/lib/thumb/v8-m.main+fp/hard/libc_nano.a
LOAD /opt/st/stm32cubeide_1.18.1/plugins/com.st.stm32cube.ide.mcu.externaltools.gnu-tools-for-stm32.13.3.rel1.linux64_1.0.0.202410170706/tools/bin/../lib/gcc/arm-none-eabi/13.3.1/../../../../arm-none-eabi/lib/thumb/v8-m.main+fp/hard/libnosys.a
END GROUP
LOAD /opt/st/stm32cubeide_1.18.1/plugins/com.st.stm32cube.ide.mcu.externaltools.gnu-tools-for-stm32.13.3.rel1.linux64_1.0.0.202410170706/tools/bin/../lib/gcc/arm-none-eabi/13.3.1/thumb/v8-m.main+fp/hard/crtend.o
LOAD /opt/st/stm32cubeide_1.18.1/plugins/com.st.stm32cube.ide.mcu.externaltools.gnu-tools-for-stm32.13.3.rel1.linux64_1.0.0.202410170706/tools/bin/../lib/gcc/arm-none-eabi/13.3.1/thumb/v8-m.main+fp/hard/crtn.o
                0x20044000                        _estack = (ORIGIN (RAM) + LENGTH (RAM))
                0x00000200                        _Min_Heap_Size = 0x200
                0x00000400                        _Min_Stack_Size = 0x400

.isr_vector     0x08000000      0x254
                0x08000000                        . = ALIGN (0x4)
 *(.isr_vector)
 .isr_vector    0x08000000      0x254 ./Core/Startup/startup_stm32h533retx.o
                0x08000000                g_pfnVectors
                0x08000254                        . = ALIGN (0x4)

.text           0x08000254     0x9cec
                0x08000254                        . = ALIGN (0x4)
 *(.text)
 .text          0x08000254       0x40 /opt/st/stm32cubeide_1.18.1/plugins/com.st.stm32cube.ide.mcu.externaltools.gnu-tools-for-stm32.13.3.rel1.linux64_1.0.0.202410170706/tools/bin/../lib/gcc/arm-none-eabi/13.3.1/thumb/v8-m.main+fp/hard/crtbegin.o
 .text          0x08000294       0x30 /opt/st/stm32cubeide_1.18.1/plugins/com.st.stm32cube.ide.mcu.externaltools.gnu-tools-for-stm32.13.3.rel1.linux64_1.0.0.202410170706/tools/bin/../lib/gcc/arm-none-eabi/13.3.1/thumb/v8-m.main+fp/hard/libgcc.a(_aeabi_uldivmod.o)
                0x08000294                __aeabi_uldivmod
 .text          0x080002c4      0x348 /opt/st/stm32cubeide_1.18.1/plugins/com.st.stm32cube.ide.mcu.externaltools.gnu-tools-for-stm32.13.3.rel1.linux64_1.0.0.202410170706/tools/bin/../lib/gcc/arm-none-eabi/13.3.1/thumb/v8-m.main+fp/hard/libgcc.a(_udivmoddi4.o)
                0x080002c4                __udivmoddi4
 .text          0x0800060c        0x4 /opt/st/stm32cubeide_1.18.1/plugins/com.st.stm32cube.ide.mcu.externaltools.gnu-tools-for-stm32.13.3.rel1.linux64_1.0.0.202410170706/tools/bin/../lib/gcc/arm-none-eabi/13.3.1/thumb/v8-m.main+fp/hard/libgcc.a(_dvmd_tls.o)
                0x0800060c                __aeabi_ldiv0
                0x0800060c                __aeabi_idiv0
 *(.text*)
 .text.main     0x08000610       0xec ./Core/Src/main.o
                0x08000610                main
 .text.SystemClock_Config
                0x080006fc       0xc0 ./Core/Src/main.o
                0x080006fc                SystemClock_Config
 .text.MX_ADC1_Init
                0x080007bc       0xc4 ./Core/Src/main.o
 .text.MX_TIM1_Init
                0x08000880      0x1a0 ./Core/Src/main.o
 .text.MX_TIM6_Init
                0x08000a20       0x6c ./Core/Src/main.o
 .text.MX_GPIO_Init
                0x08000a8c       0xb8 ./Core/Src/main.o
 .text.HAL_ADC_ConvCpltCallback
                0x08000b44       0x28 ./Core/Src/main.o
                0x08000b44                HAL_ADC_ConvCpltCallback
 .text.HAL_TIM_PeriodElapsedCallback
                0x08000b6c       0x8c ./Core/Src/main.o
                0x08000b6c                HAL_TIM_PeriodElapsedCallback
 .text.Error_Handler
                0x08000bf8        0xc ./Core/Src/main.o
                0x08000bf8                Error_Handler
 .text.HAL_MspInit
                0x08000c04        0xe ./Core/Src/stm32h5xx_hal_msp.o
                0x08000c04                HAL_MspInit
 *fill*         0x08000c12        0x2 
 .text.HAL_ADC_MspInit
                0x08000c14       0xd4 ./Core/Src/stm32h5xx_hal_msp.o
                0x08000c14                HAL_ADC_MspInit
 .text.HAL_TIM_Base_MspInit
                0x08000ce8       0xd4 ./Core/Src/stm32h5xx_hal_msp.o
                0x08000ce8                HAL_TIM_Base_MspInit
 .text.HAL_TIM_MspPostInit
                0x08000dbc       0xbc ./Core/Src/stm32h5xx_hal_msp.o
                0x08000dbc                HAL_TIM_MspPostInit
 .text.NMI_Handler
                0x08000e78        0x8 ./Core/Src/stm32h5xx_it.o
                0x08000e78                NMI_Handler
 .text.HardFault_Handler
                0x08000e80        0x8 ./Core/Src/stm32h5xx_it.o
                0x08000e80                HardFault_Handler
 .text.MemManage_Handler
                0x08000e88        0x8 ./Core/Src/stm32h5xx_it.o
                0x08000e88                MemManage_Handler
 .text.BusFault_Handler
                0x08000e90        0x8 ./Core/Src/stm32h5xx_it.o
                0x08000e90                BusFault_Handler
 .text.UsageFault_Handler
                0x08000e98        0x8 ./Core/Src/stm32h5xx_it.o
                0x08000e98                UsageFault_Handler
 .text.SVC_Handler
                0x08000ea0        0xe ./Core/Src/stm32h5xx_it.o
                0x08000ea0                SVC_Handler
 .text.DebugMon_Handler
                0x08000eae        0xe ./Core/Src/stm32h5xx_it.o
                0x08000eae                DebugMon_Handler
 .text.PendSV_Handler
                0x08000ebc        0xe ./Core/Src/stm32h5xx_it.o
                0x08000ebc                PendSV_Handler
 .text.SysTick_Handler
                0x08000eca        0xc ./Core/Src/stm32h5xx_it.o
                0x08000eca                SysTick_Handler
 .text.EXTI13_IRQHandler
                0x08000ed6        0xe ./Core/Src/stm32h5xx_it.o
                0x08000ed6                EXTI13_IRQHandler
 .text.ADC1_IRQHandler
                0x08000ee4       0x14 ./Core/Src/stm32h5xx_it.o
                0x08000ee4                ADC1_IRQHandler
 .text.TIM6_IRQHandler
                0x08000ef8       0x14 ./Core/Src/stm32h5xx_it.o
                0x08000ef8                TIM6_IRQHandler
 .text.SystemInit
                0x08000f0c       0xf8 ./Core/Src/system_stm32h5xx.o
                0x08000f0c                SystemInit
 .text.Reset_Handler
                0x08001004       0x50 ./Core/Startup/startup_stm32h533retx.o
                0x08001004                Reset_Handler
 .text.Default_Handler
                0x08001054        0x2 ./Core/Startup/startup_stm32h533retx.o
                0x08001054                EXTI2_IRQHandler
                0x08001054                TIM8_TRG_COM_IRQHandler
                0x08001054                TIM8_CC_IRQHandler
                0x08001054                EXTI5_IRQHandler
                0x08001054                I3C1_ER_IRQHandler
                0x08001054                SPI4_IRQHandler
                0x08001054                GPDMA2_Channel1_IRQHandler
                0x08001054                FLASH_S_IRQHandler
                0x08001054                TIM1_CC_IRQHandler
                0x08001054                GPDMA2_Channel3_IRQHandler
                0x08001054                TAMP_IRQHandler
                0x08001054                EXTI12_IRQHandler
                0x08001054                USB_DRD_FS_IRQHandler
                0x08001054                EXTI3_IRQHandler
                0x08001054                GPDMA1_Channel5_IRQHandler
                0x08001054                EXTI8_IRQHandler
                0x08001054                GPDMA2_Channel5_IRQHandler
                0x08001054                LPTIM2_IRQHandler
                0x08001054                I2C3_ER_IRQHandler
                0x08001054                GPDMA2_Channel2_IRQHandler
                0x08001054                EXTI0_IRQHandler
                0x08001054                I2C2_EV_IRQHandler
                0x08001054                FPU_IRQHandler
                0x08001054                GPDMA1_Channel3_IRQHandler
                0x08001054                GPDMA1_Channel7_IRQHandler
                0x08001054                FDCAN1_IT1_IRQHandler
                0x08001054                RAMCFG_IRQHandler
                0x08001054                DCACHE1_IRQHandler
                0x08001054                SPI1_IRQHandler
                0x08001054                OCTOSPI1_IRQHandler
                0x08001054                GPDMA1_Channel2_IRQHandler
                0x08001054                TIM8_UP_IRQHandler
                0x08001054                RCC_S_IRQHandler
                0x08001054                PKA_IRQHandler
                0x08001054                USART6_IRQHandler
                0x08001054                I3C2_ER_IRQHandler
                0x08001054                EXTI15_IRQHandler
                0x08001054                USART3_IRQHandler
                0x08001054                RTC_IRQHandler
                0x08001054                EXTI9_IRQHandler
                0x08001054                UART5_IRQHandler
                0x08001054                TIM4_IRQHandler
                0x08001054                I3C2_EV_IRQHandler
                0x08001054                I2C1_EV_IRQHandler
                0x08001054                GPDMA1_Channel1_IRQHandler
                0x08001054                UART4_IRQHandler
                0x08001054                SecureFault_Handler
                0x08001054                TIM3_IRQHandler
                0x08001054                RCC_IRQHandler
                0x08001054                TIM1_TRG_COM_IRQHandler
                0x08001054                Default_Handler
                0x08001054                CEC_IRQHandler
                0x08001054                OTFDEC1_IRQHandler
                0x08001054                GPDMA2_Channel4_IRQHandler
                0x08001054                TIM12_IRQHandler
                0x08001054                TIM7_IRQHandler
                0x08001054                SDMMC1_IRQHandler
                0x08001054                SAES_IRQHandler
                0x08001054                TIM5_IRQHandler
                0x08001054                UCPD1_IRQHandler
                0x08001054                GPDMA1_Channel0_IRQHandler
                0x08001054                I3C1_EV_IRQHandler
                0x08001054                TIM15_IRQHandler
                0x08001054                PVD_AVD_IRQHandler
                0x08001054                I2C3_EV_IRQHandler
                0x08001054                ADC2_IRQHandler
                0x08001054                SPI2_IRQHandler
                0x08001054                EXTI14_IRQHandler
                0x08001054                EXTI11_IRQHandler
                0x08001054                CRS_IRQHandler
                0x08001054                EXTI4_IRQHandler
                0x08001054                GPDMA2_Channel0_IRQHandler
                0x08001054                RTC_S_IRQHandler
                0x08001054                RNG_IRQHandler
                0x08001054                FDCAN2_IT1_IRQHandler
                0x08001054                GPDMA2_Channel6_IRQHandler
                0x08001054                TIM1_UP_IRQHandler
                0x08001054                WWDG_IRQHandler
                0x08001054                FDCAN2_IT0_IRQHandler
                0x08001054                IWDG_IRQHandler
                0x08001054                LPUART1_IRQHandler
                0x08001054                FDCAN1_IT0_IRQHandler
                0x08001054                TIM2_IRQHandler
                0x08001054                GPDMA1_Channel4_IRQHandler
                0x08001054                EXTI7_IRQHandler
                0x08001054                TIM1_BRK_IRQHandler
                0x08001054                EXTI1_IRQHandler
                0x08001054                AES_IRQHandler
                0x08001054                DAC1_IRQHandler
                0x08001054                DTS_IRQHandler
                0x08001054                GTZC_IRQHandler
                0x08001054                USART2_IRQHandler
                0x08001054                GPDMA1_Channel6_IRQHandler
                0x08001054                GPDMA2_Channel7_IRQHandler
                0x08001054                I2C2_ER_IRQHandler
                0x08001054                TIM8_BRK_IRQHandler
                0x08001054                FLASH_IRQHandler
                0x08001054                USART1_IRQHandler
                0x08001054                EXTI10_IRQHandler
                0x08001054                SPI3_IRQHandler
                0x08001054                I2C1_ER_IRQHandler
                0x08001054                FMC_IRQHandler
                0x08001054                EXTI6_IRQHandler
                0x08001054                LPTIM1_IRQHandler
                0x08001054                DCMI_PSSI_IRQHandler
                0x08001054                ICACHE_IRQHandler
                0x08001054                HASH_IRQHandler
 *fill*         0x08001056        0x2 
 .text.BSP_LED_Init
                0x08001058       0x88 ./Drivers/BSP/STM32H5xx_Nucleo/stm32h5xx_nucleo.o
                0x08001058                BSP_LED_Init
 .text.BSP_PB_Init
                0x080010e0       0xf0 ./Drivers/BSP/STM32H5xx_Nucleo/stm32h5xx_nucleo.o
                0x080010e0                BSP_PB_Init
 .text.BSP_PB_IRQHandler
                0x080011d0       0x2c ./Drivers/BSP/STM32H5xx_Nucleo/stm32h5xx_nucleo.o
                0x080011d0                BSP_PB_IRQHandler
 .text.BSP_PB_Callback
                0x080011fc       0x16 ./Drivers/BSP/STM32H5xx_Nucleo/stm32h5xx_nucleo.o
                0x080011fc                BSP_PB_Callback
 *fill*         0x08001212        0x2 
 .text.BSP_COM_Init
                0x08001214       0x60 ./Drivers/BSP/STM32H5xx_Nucleo/stm32h5xx_nucleo.o
                0x08001214                BSP_COM_Init
 .text.MX_USART_Init
                0x08001274       0x68 ./Drivers/BSP/STM32H5xx_Nucleo/stm32h5xx_nucleo.o
                0x08001274                MX_USART_Init
 .text.BUTTON_USER_EXTI_Callback
                0x080012dc        0xe ./Drivers/BSP/STM32H5xx_Nucleo/stm32h5xx_nucleo.o
 *fill*         0x080012ea        0x2 
 .text.COM1_MspInit
                0x080012ec       0xac ./Drivers/BSP/STM32H5xx_Nucleo/stm32h5xx_nucleo.o
 .text.HAL_Init
                0x08001398       0x50 ./Drivers/STM32H5xx_HAL_Driver/Src/stm32h5xx_hal.o
                0x08001398                HAL_Init
 .text.HAL_InitTick
                0x080013e8       0xec ./Drivers/STM32H5xx_HAL_Driver/Src/stm32h5xx_hal.o
                0x080013e8                HAL_InitTick
 .text.HAL_IncTick
                0x080014d4       0x28 ./Drivers/STM32H5xx_HAL_Driver/Src/stm32h5xx_hal.o
                0x080014d4                HAL_IncTick
 .text.HAL_GetTick
                0x080014fc       0x18 ./Drivers/STM32H5xx_HAL_Driver/Src/stm32h5xx_hal.o
                0x080014fc                HAL_GetTick
 .text.LL_ADC_SetCommonClock
                0x08001514       0x26 ./Drivers/STM32H5xx_HAL_Driver/Src/stm32h5xx_hal_adc.o
 .text.LL_ADC_SetCommonPathInternalCh
                0x0800153a       0x26 ./Drivers/STM32H5xx_HAL_Driver/Src/stm32h5xx_hal_adc.o
 .text.LL_ADC_GetCommonPathInternalCh
                0x08001560       0x1c ./Drivers/STM32H5xx_HAL_Driver/Src/stm32h5xx_hal_adc.o
 .text.LL_ADC_EnableChannelVDDcore
                0x0800157c       0x24 ./Drivers/STM32H5xx_HAL_Driver/Src/stm32h5xx_hal_adc.o
 .text.LL_ADC_EnableChannel0_GPIO
                0x080015a0       0x28 ./Drivers/STM32H5xx_HAL_Driver/Src/stm32h5xx_hal_adc.o
 .text.LL_ADC_SetOffset
                0x080015c8       0x48 ./Drivers/STM32H5xx_HAL_Driver/Src/stm32h5xx_hal_adc.o
 .text.LL_ADC_GetOffsetChannel
                0x08001610       0x2c ./Drivers/STM32H5xx_HAL_Driver/Src/stm32h5xx_hal_adc.o
 .text.LL_ADC_SetOffsetState
                0x0800163c       0x36 ./Drivers/STM32H5xx_HAL_Driver/Src/stm32h5xx_hal_adc.o
 .text.LL_ADC_SetOffsetSign
                0x08001672       0x36 ./Drivers/STM32H5xx_HAL_Driver/Src/stm32h5xx_hal_adc.o
 .text.LL_ADC_SetOffsetSaturation
                0x080016a8       0x36 ./Drivers/STM32H5xx_HAL_Driver/Src/stm32h5xx_hal_adc.o
 .text.LL_ADC_SetSamplingTimeCommonConfig
                0x080016de       0x26 ./Drivers/STM32H5xx_HAL_Driver/Src/stm32h5xx_hal_adc.o
 .text.LL_ADC_REG_IsTriggerSourceSWStart
                0x08001704       0x26 ./Drivers/STM32H5xx_HAL_Driver/Src/stm32h5xx_hal_adc.o
 .text.LL_ADC_REG_SetSequencerRanks
                0x0800172a       0x58 ./Drivers/STM32H5xx_HAL_Driver/Src/stm32h5xx_hal_adc.o
 .text.LL_ADC_INJ_IsTriggerSourceSWStart
                0x08001782       0x26 ./Drivers/STM32H5xx_HAL_Driver/Src/stm32h5xx_hal_adc.o
 .text.LL_ADC_SetChannelSamplingTime
                0x080017a8       0x56 ./Drivers/STM32H5xx_HAL_Driver/Src/stm32h5xx_hal_adc.o
 *fill*         0x080017fe        0x2 
 .text.LL_ADC_SetChannelSingleDiff
                0x08001800       0x48 ./Drivers/STM32H5xx_HAL_Driver/Src/stm32h5xx_hal_adc.o
 .text.LL_ADC_GetMultimode
                0x08001848       0x1c ./Drivers/STM32H5xx_HAL_Driver/Src/stm32h5xx_hal_adc.o
 .text.LL_ADC_GetMultiDMATransfer
                0x08001864       0x1c ./Drivers/STM32H5xx_HAL_Driver/Src/stm32h5xx_hal_adc.o
 .text.LL_ADC_DisableDeepPowerDown
                0x08001880       0x24 ./Drivers/STM32H5xx_HAL_Driver/Src/stm32h5xx_hal_adc.o
 .text.LL_ADC_IsDeepPowerDownEnabled
                0x080018a4       0x28 ./Drivers/STM32H5xx_HAL_Driver/Src/stm32h5xx_hal_adc.o
 .text.LL_ADC_EnableInternalRegulator
                0x080018cc       0x28 ./Drivers/STM32H5xx_HAL_Driver/Src/stm32h5xx_hal_adc.o
 .text.LL_ADC_IsInternalRegulatorEnabled
                0x080018f4       0x28 ./Drivers/STM32H5xx_HAL_Driver/Src/stm32h5xx_hal_adc.o
 .text.LL_ADC_Enable
                0x0800191c       0x28 ./Drivers/STM32H5xx_HAL_Driver/Src/stm32h5xx_hal_adc.o
 .text.LL_ADC_Disable
                0x08001944       0x28 ./Drivers/STM32H5xx_HAL_Driver/Src/stm32h5xx_hal_adc.o
 .text.LL_ADC_IsEnabled
                0x0800196c       0x26 ./Drivers/STM32H5xx_HAL_Driver/Src/stm32h5xx_hal_adc.o
 .text.LL_ADC_IsDisableOngoing
                0x08001992       0x26 ./Drivers/STM32H5xx_HAL_Driver/Src/stm32h5xx_hal_adc.o
 .text.LL_ADC_REG_StartConversion
                0x080019b8       0x28 ./Drivers/STM32H5xx_HAL_Driver/Src/stm32h5xx_hal_adc.o
 .text.LL_ADC_REG_IsConversionOngoing
                0x080019e0       0x26 ./Drivers/STM32H5xx_HAL_Driver/Src/stm32h5xx_hal_adc.o
 .text.LL_ADC_INJ_IsConversionOngoing
                0x08001a06       0x26 ./Drivers/STM32H5xx_HAL_Driver/Src/stm32h5xx_hal_adc.o
 .text.HAL_ADC_Init
                0x08001a2c      0x2a8 ./Drivers/STM32H5xx_HAL_Driver/Src/stm32h5xx_hal_adc.o
                0x08001a2c                HAL_ADC_Init
 .text.HAL_ADC_Start_IT
                0x08001cd4      0x25c ./Drivers/STM32H5xx_HAL_Driver/Src/stm32h5xx_hal_adc.o
                0x08001cd4                HAL_ADC_Start_IT
 .text.HAL_ADC_GetValue
                0x08001f30       0x1a ./Drivers/STM32H5xx_HAL_Driver/Src/stm32h5xx_hal_adc.o
                0x08001f30                HAL_ADC_GetValue
 *fill*         0x08001f4a        0x2 
 .text.HAL_ADC_IRQHandler
                0x08001f4c      0x434 ./Drivers/STM32H5xx_HAL_Driver/Src/stm32h5xx_hal_adc.o
                0x08001f4c                HAL_ADC_IRQHandler
 .text.HAL_ADC_LevelOutOfWindowCallback
                0x08002380       0x14 ./Drivers/STM32H5xx_HAL_Driver/Src/stm32h5xx_hal_adc.o
                0x08002380                HAL_ADC_LevelOutOfWindowCallback
 .text.HAL_ADC_ErrorCallback
                0x08002394       0x14 ./Drivers/STM32H5xx_HAL_Driver/Src/stm32h5xx_hal_adc.o
                0x08002394                HAL_ADC_ErrorCallback
 .text.HAL_ADC_ConfigChannel
                0x080023a8      0x820 ./Drivers/STM32H5xx_HAL_Driver/Src/stm32h5xx_hal_adc.o
                0x080023a8                HAL_ADC_ConfigChannel
 .text.ADC_Enable
                0x08002bc8      0x104 ./Drivers/STM32H5xx_HAL_Driver/Src/stm32h5xx_hal_adc.o
                0x08002bc8                ADC_Enable
 .text.ADC_Disable
                0x08002ccc       0xbe ./Drivers/STM32H5xx_HAL_Driver/Src/stm32h5xx_hal_adc.o
                0x08002ccc                ADC_Disable
 .text.LL_ADC_StartCalibration
                0x08002d8a       0x32 ./Drivers/STM32H5xx_HAL_Driver/Src/stm32h5xx_hal_adc_ex.o
 .text.LL_ADC_IsCalibrationOnGoing
                0x08002dbc       0x28 ./Drivers/STM32H5xx_HAL_Driver/Src/stm32h5xx_hal_adc_ex.o
 .text.HAL_ADCEx_Calibration_Start
                0x08002de4       0xc4 ./Drivers/STM32H5xx_HAL_Driver/Src/stm32h5xx_hal_adc_ex.o
                0x08002de4                HAL_ADCEx_Calibration_Start
 .text.HAL_ADCEx_InjectedConvCpltCallback
                0x08002ea8       0x14 ./Drivers/STM32H5xx_HAL_Driver/Src/stm32h5xx_hal_adc_ex.o
                0x08002ea8                HAL_ADCEx_InjectedConvCpltCallback
 .text.HAL_ADCEx_InjectedQueueOverflowCallback
                0x08002ebc       0x14 ./Drivers/STM32H5xx_HAL_Driver/Src/stm32h5xx_hal_adc_ex.o
                0x08002ebc                HAL_ADCEx_InjectedQueueOverflowCallback
 .text.HAL_ADCEx_LevelOutOfWindow2Callback
                0x08002ed0       0x14 ./Drivers/STM32H5xx_HAL_Driver/Src/stm32h5xx_hal_adc_ex.o
                0x08002ed0                HAL_ADCEx_LevelOutOfWindow2Callback
 .text.HAL_ADCEx_LevelOutOfWindow3Callback
                0x08002ee4       0x14 ./Drivers/STM32H5xx_HAL_Driver/Src/stm32h5xx_hal_adc_ex.o
                0x08002ee4                HAL_ADCEx_LevelOutOfWindow3Callback
 .text.HAL_ADCEx_EndOfSamplingCallback
                0x08002ef8       0x14 ./Drivers/STM32H5xx_HAL_Driver/Src/stm32h5xx_hal_adc_ex.o
                0x08002ef8                HAL_ADCEx_EndOfSamplingCallback
 .text.__NVIC_SetPriorityGrouping
                0x08002f0c       0x48 ./Drivers/STM32H5xx_HAL_Driver/Src/stm32h5xx_hal_cortex.o
 .text.__NVIC_GetPriorityGrouping
                0x08002f54       0x1c ./Drivers/STM32H5xx_HAL_Driver/Src/stm32h5xx_hal_cortex.o
 .text.__NVIC_EnableIRQ
                0x08002f70       0x3c ./Drivers/STM32H5xx_HAL_Driver/Src/stm32h5xx_hal_cortex.o
 .text.__NVIC_SetPriority
                0x08002fac       0x54 ./Drivers/STM32H5xx_HAL_Driver/Src/stm32h5xx_hal_cortex.o
 .text.NVIC_EncodePriority
                0x08003000       0x66 ./Drivers/STM32H5xx_HAL_Driver/Src/stm32h5xx_hal_cortex.o
 .text.HAL_NVIC_SetPriorityGrouping
                0x08003066       0x16 ./Drivers/STM32H5xx_HAL_Driver/Src/stm32h5xx_hal_cortex.o
                0x08003066                HAL_NVIC_SetPriorityGrouping
 .text.HAL_NVIC_SetPriority
                0x0800307c       0x34 ./Drivers/STM32H5xx_HAL_Driver/Src/stm32h5xx_hal_cortex.o
                0x0800307c                HAL_NVIC_SetPriority
 .text.HAL_NVIC_EnableIRQ
                0x080030b0       0x1c ./Drivers/STM32H5xx_HAL_Driver/Src/stm32h5xx_hal_cortex.o
                0x080030b0                HAL_NVIC_EnableIRQ
 .text.HAL_SYSTICK_Config
                0x080030cc       0x44 ./Drivers/STM32H5xx_HAL_Driver/Src/stm32h5xx_hal_cortex.o
                0x080030cc                HAL_SYSTICK_Config
 .text.HAL_SYSTICK_CLKSourceConfig
                0x08003110       0xb0 ./Drivers/STM32H5xx_HAL_Driver/Src/stm32h5xx_hal_cortex.o
                0x08003110                HAL_SYSTICK_CLKSourceConfig
 .text.HAL_SYSTICK_GetCLKSourceConfig
                0x080031c0       0x6c ./Drivers/STM32H5xx_HAL_Driver/Src/stm32h5xx_hal_cortex.o
                0x080031c0                HAL_SYSTICK_GetCLKSourceConfig
 .text.HAL_EXTI_RegisterCallback
                0x0800322c       0x58 ./Drivers/STM32H5xx_HAL_Driver/Src/stm32h5xx_hal_exti.o
                0x0800322c                HAL_EXTI_RegisterCallback
 .text.HAL_EXTI_GetHandle
                0x08003284       0x28 ./Drivers/STM32H5xx_HAL_Driver/Src/stm32h5xx_hal_exti.o
                0x08003284                HAL_EXTI_GetHandle
 .text.HAL_EXTI_IRQHandler
                0x080032ac       0x90 ./Drivers/STM32H5xx_HAL_Driver/Src/stm32h5xx_hal_exti.o
                0x080032ac                HAL_EXTI_IRQHandler
 .text.HAL_GPIO_Init
                0x0800333c      0x2bc ./Drivers/STM32H5xx_HAL_Driver/Src/stm32h5xx_hal_gpio.o
                0x0800333c                HAL_GPIO_Init
 .text.HAL_GPIO_WritePin
                0x080035f8       0x30 ./Drivers/STM32H5xx_HAL_Driver/Src/stm32h5xx_hal_gpio.o
                0x080035f8                HAL_GPIO_WritePin
 .text.HAL_RCC_OscConfig
                0x08003628      0x870 ./Drivers/STM32H5xx_HAL_Driver/Src/stm32h5xx_hal_rcc.o
                0x08003628                HAL_RCC_OscConfig
 .text.HAL_RCC_ClockConfig
                0x08003e98      0x370 ./Drivers/STM32H5xx_HAL_Driver/Src/stm32h5xx_hal_rcc.o
                0x08003e98                HAL_RCC_ClockConfig
 .text.HAL_RCC_GetSysClockFreq
                0x08004208      0x258 ./Drivers/STM32H5xx_HAL_Driver/Src/stm32h5xx_hal_rcc.o
                0x08004208                HAL_RCC_GetSysClockFreq
 .text.HAL_RCC_GetHCLKFreq
                0x08004460       0x38 ./Drivers/STM32H5xx_HAL_Driver/Src/stm32h5xx_hal_rcc.o
                0x08004460                HAL_RCC_GetHCLKFreq
 .text.HAL_RCC_GetPCLK1Freq
                0x08004498       0x2c ./Drivers/STM32H5xx_HAL_Driver/Src/stm32h5xx_hal_rcc.o
                0x08004498                HAL_RCC_GetPCLK1Freq
 .text.HAL_RCC_GetPCLK2Freq
                0x080044c4       0x2c ./Drivers/STM32H5xx_HAL_Driver/Src/stm32h5xx_hal_rcc.o
                0x080044c4                HAL_RCC_GetPCLK2Freq
 .text.HAL_RCC_GetPCLK3Freq
                0x080044f0       0x2c ./Drivers/STM32H5xx_HAL_Driver/Src/stm32h5xx_hal_rcc.o
                0x080044f0                HAL_RCC_GetPCLK3Freq
 .text.HAL_RCCEx_PeriphCLKConfig
                0x0800451c     0x1380 ./Drivers/STM32H5xx_HAL_Driver/Src/stm32h5xx_hal_rcc_ex.o
                0x0800451c                HAL_RCCEx_PeriphCLKConfig
 .text.HAL_RCCEx_GetPLL1ClockFreq
                0x0800589c      0x2d8 ./Drivers/STM32H5xx_HAL_Driver/Src/stm32h5xx_hal_rcc_ex.o
                0x0800589c                HAL_RCCEx_GetPLL1ClockFreq
 .text.HAL_RCCEx_GetPLL2ClockFreq
                0x08005b74      0x2d8 ./Drivers/STM32H5xx_HAL_Driver/Src/stm32h5xx_hal_rcc_ex.o
                0x08005b74                HAL_RCCEx_GetPLL2ClockFreq
 .text.HAL_RCCEx_GetPLL3ClockFreq
                0x08005e4c      0x2d8 ./Drivers/STM32H5xx_HAL_Driver/Src/stm32h5xx_hal_rcc_ex.o
                0x08005e4c                HAL_RCCEx_GetPLL3ClockFreq
 .text.HAL_RCCEx_GetPeriphCLKFreq
                0x08006124     0x16a0 ./Drivers/STM32H5xx_HAL_Driver/Src/stm32h5xx_hal_rcc_ex.o
                0x08006124                HAL_RCCEx_GetPeriphCLKFreq
 .text.RCCEx_PLL2_Config
                0x080077c4      0x130 ./Drivers/STM32H5xx_HAL_Driver/Src/stm32h5xx_hal_rcc_ex.o
 .text.RCCEx_PLL3_Config
                0x080078f4      0x130 ./Drivers/STM32H5xx_HAL_Driver/Src/stm32h5xx_hal_rcc_ex.o
 .text.HAL_TIM_Base_Init
                0x08007a24       0xae ./Drivers/STM32H5xx_HAL_Driver/Src/stm32h5xx_hal_tim.o
                0x08007a24                HAL_TIM_Base_Init
 *fill*         0x08007ad2        0x2 
 .text.HAL_TIM_Base_Start_IT
                0x08007ad4      0x15c ./Drivers/STM32H5xx_HAL_Driver/Src/stm32h5xx_hal_tim.o
                0x08007ad4                HAL_TIM_Base_Start_IT
 .text.HAL_TIM_PWM_Init
                0x08007c30       0xae ./Drivers/STM32H5xx_HAL_Driver/Src/stm32h5xx_hal_tim.o
                0x08007c30                HAL_TIM_PWM_Init
 .text.HAL_TIM_PWM_MspInit
                0x08007cde       0x14 ./Drivers/STM32H5xx_HAL_Driver/Src/stm32h5xx_hal_tim.o
                0x08007cde                HAL_TIM_PWM_MspInit
 *fill*         0x08007cf2        0x2 
 .text.HAL_TIM_PWM_Start
                0x08007cf4      0x288 ./Drivers/STM32H5xx_HAL_Driver/Src/stm32h5xx_hal_tim.o
                0x08007cf4                HAL_TIM_PWM_Start
 .text.HAL_TIM_IRQHandler
                0x08007f7c      0x29e ./Drivers/STM32H5xx_HAL_Driver/Src/stm32h5xx_hal_tim.o
                0x08007f7c                HAL_TIM_IRQHandler
 *fill*         0x0800821a        0x2 
 .text.HAL_TIM_PWM_ConfigChannel
                0x0800821c      0x228 ./Drivers/STM32H5xx_HAL_Driver/Src/stm32h5xx_hal_tim.o
                0x0800821c                HAL_TIM_PWM_ConfigChannel
 .text.HAL_TIM_ConfigClockSource
                0x08008444      0x23c ./Drivers/STM32H5xx_HAL_Driver/Src/stm32h5xx_hal_tim.o
                0x08008444                HAL_TIM_ConfigClockSource
 .text.HAL_TIM_OC_DelayElapsedCallback
                0x08008680       0x14 ./Drivers/STM32H5xx_HAL_Driver/Src/stm32h5xx_hal_tim.o
                0x08008680                HAL_TIM_OC_DelayElapsedCallback
 .text.HAL_TIM_IC_CaptureCallback
                0x08008694       0x14 ./Drivers/STM32H5xx_HAL_Driver/Src/stm32h5xx_hal_tim.o
                0x08008694                HAL_TIM_IC_CaptureCallback
 .text.HAL_TIM_PWM_PulseFinishedCallback
                0x080086a8       0x14 ./Drivers/STM32H5xx_HAL_Driver/Src/stm32h5xx_hal_tim.o
                0x080086a8                HAL_TIM_PWM_PulseFinishedCallback
 .text.HAL_TIM_TriggerCallback
                0x080086bc       0x14 ./Drivers/STM32H5xx_HAL_Driver/Src/stm32h5xx_hal_tim.o
                0x080086bc                HAL_TIM_TriggerCallback
 .text.TIM_Base_SetConfig
                0x080086d0      0x1d4 ./Drivers/STM32H5xx_HAL_Driver/Src/stm32h5xx_hal_tim.o
                0x080086d0                TIM_Base_SetConfig
 .text.TIM_OC1_SetConfig
                0x080088a4      0x134 ./Drivers/STM32H5xx_HAL_Driver/Src/stm32h5xx_hal_tim.o
 .text.TIM_OC2_SetConfig
                0x080089d8      0x130 ./Drivers/STM32H5xx_HAL_Driver/Src/stm32h5xx_hal_tim.o
                0x080089d8                TIM_OC2_SetConfig
 .text.TIM_OC3_SetConfig
                0x08008b08      0x12c ./Drivers/STM32H5xx_HAL_Driver/Src/stm32h5xx_hal_tim.o
 .text.TIM_OC4_SetConfig
                0x08008c34      0x130 ./Drivers/STM32H5xx_HAL_Driver/Src/stm32h5xx_hal_tim.o
 .text.TIM_OC5_SetConfig
                0x08008d64       0xd4 ./Drivers/STM32H5xx_HAL_Driver/Src/stm32h5xx_hal_tim.o
 .text.TIM_OC6_SetConfig
                0x08008e38       0xd8 ./Drivers/STM32H5xx_HAL_Driver/Src/stm32h5xx_hal_tim.o
 .text.TIM_TI1_ConfigInputStage
                0x08008f10       0x5e ./Drivers/STM32H5xx_HAL_Driver/Src/stm32h5xx_hal_tim.o
 .text.TIM_TI2_ConfigInputStage
                0x08008f6e       0x60 ./Drivers/STM32H5xx_HAL_Driver/Src/stm32h5xx_hal_tim.o
 .text.TIM_ITRx_SetConfig
                0x08008fce       0x3a ./Drivers/STM32H5xx_HAL_Driver/Src/stm32h5xx_hal_tim.o
 .text.TIM_ETR_SetConfig
                0x08009008       0x40 ./Drivers/STM32H5xx_HAL_Driver/Src/stm32h5xx_hal_tim.o
                0x08009008                TIM_ETR_SetConfig
 .text.TIM_CCxChannelCmd
                0x08009048       0x4a ./Drivers/STM32H5xx_HAL_Driver/Src/stm32h5xx_hal_tim.o
                0x08009048                TIM_CCxChannelCmd
 *fill*         0x08009092        0x2 
 .text.HAL_TIMEx_PWMN_Start
                0x08009094      0x1f0 ./Drivers/STM32H5xx_HAL_Driver/Src/stm32h5xx_hal_tim_ex.o
                0x08009094                HAL_TIMEx_PWMN_Start
 .text.HAL_TIMEx_MasterConfigSynchronization
                0x08009284      0x1a0 ./Drivers/STM32H5xx_HAL_Driver/Src/stm32h5xx_hal_tim_ex.o
                0x08009284                HAL_TIMEx_MasterConfigSynchronization
 .text.HAL_TIMEx_ConfigBreakDeadTime
                0x08009424      0x134 ./Drivers/STM32H5xx_HAL_Driver/Src/stm32h5xx_hal_tim_ex.o
                0x08009424                HAL_TIMEx_ConfigBreakDeadTime
 .text.HAL_TIMEx_ConfigAsymmetricalDeadTime
                0x08009558       0x2c ./Drivers/STM32H5xx_HAL_Driver/Src/stm32h5xx_hal_tim_ex.o
                0x08009558                HAL_TIMEx_ConfigAsymmetricalDeadTime
 .text.HAL_TIMEx_EnableAsymmetricalDeadTime
                0x08009584       0x26 ./Drivers/STM32H5xx_HAL_Driver/Src/stm32h5xx_hal_tim_ex.o
                0x08009584                HAL_TIMEx_EnableAsymmetricalDeadTime
 .text.HAL_TIMEx_CommutCallback
                0x080095aa       0x14 ./Drivers/STM32H5xx_HAL_Driver/Src/stm32h5xx_hal_tim_ex.o
                0x080095aa                HAL_TIMEx_CommutCallback
 .text.HAL_TIMEx_BreakCallback
                0x080095be       0x14 ./Drivers/STM32H5xx_HAL_Driver/Src/stm32h5xx_hal_tim_ex.o
                0x080095be                HAL_TIMEx_BreakCallback
 .text.HAL_TIMEx_Break2Callback
                0x080095d2       0x14 ./Drivers/STM32H5xx_HAL_Driver/Src/stm32h5xx_hal_tim_ex.o
                0x080095d2                HAL_TIMEx_Break2Callback
 .text.HAL_TIMEx_EncoderIndexCallback
                0x080095e6       0x14 ./Drivers/STM32H5xx_HAL_Driver/Src/stm32h5xx_hal_tim_ex.o
                0x080095e6                HAL_TIMEx_EncoderIndexCallback
 .text.HAL_TIMEx_DirectionChangeCallback
                0x080095fa       0x14 ./Drivers/STM32H5xx_HAL_Driver/Src/stm32h5xx_hal_tim_ex.o
                0x080095fa                HAL_TIMEx_DirectionChangeCallback
 .text.HAL_TIMEx_IndexErrorCallback
                0x0800960e       0x14 ./Drivers/STM32H5xx_HAL_Driver/Src/stm32h5xx_hal_tim_ex.o
                0x0800960e                HAL_TIMEx_IndexErrorCallback
 .text.HAL_TIMEx_TransitionErrorCallback
                0x08009622       0x14 ./Drivers/STM32H5xx_HAL_Driver/Src/stm32h5xx_hal_tim_ex.o
                0x08009622                HAL_TIMEx_TransitionErrorCallback
 .text.TIM_CCxNChannelCmd
                0x08009636       0x4a ./Drivers/STM32H5xx_HAL_Driver/Src/stm32h5xx_hal_tim_ex.o
 .text.HAL_UART_Init
                0x08009680       0xa0 ./Drivers/STM32H5xx_HAL_Driver/Src/stm32h5xx_hal_uart.o
                0x08009680                HAL_UART_Init
 .text.HAL_UART_MspInit
                0x08009720       0x14 ./Drivers/STM32H5xx_HAL_Driver/Src/stm32h5xx_hal_uart.o
                0x08009720                HAL_UART_MspInit
 .text.UART_SetConfig
                0x08009734      0x35c ./Drivers/STM32H5xx_HAL_Driver/Src/stm32h5xx_hal_uart.o
                0x08009734                UART_SetConfig
 .text.UART_AdvFeatureConfig
                0x08009a90      0x144 ./Drivers/STM32H5xx_HAL_Driver/Src/stm32h5xx_hal_uart.o
                0x08009a90                UART_AdvFeatureConfig
 .text.UART_CheckIdleState
                0x08009bd4      0x154 ./Drivers/STM32H5xx_HAL_Driver/Src/stm32h5xx_hal_uart.o
                0x08009bd4                UART_CheckIdleState
 .text.UART_WaitOnFlagUntilTimeout
                0x08009d28       0xda ./Drivers/STM32H5xx_HAL_Driver/Src/stm32h5xx_hal_uart.o
                0x08009d28                UART_WaitOnFlagUntilTimeout
 .text.UART_EndRxTransfer
                0x08009e02       0xcc ./Drivers/STM32H5xx_HAL_Driver/Src/stm32h5xx_hal_uart.o
 .text.memset   0x08009ece       0x10 /opt/st/stm32cubeide_1.18.1/plugins/com.st.stm32cube.ide.mcu.externaltools.gnu-tools-for-stm32.13.3.rel1.linux64_1.0.0.202410170706/tools/bin/../lib/gcc/arm-none-eabi/13.3.1/../../../../arm-none-eabi/lib/thumb/v8-m.main+fp/hard/libc_nano.a(libc_a-memset.o)
                0x08009ece                memset
 *fill*         0x08009ede        0x2 
 .text.__libc_init_array
                0x08009ee0       0x48 /opt/st/stm32cubeide_1.18.1/plugins/com.st.stm32cube.ide.mcu.externaltools.gnu-tools-for-stm32.13.3.rel1.linux64_1.0.0.202410170706/tools/bin/../lib/gcc/arm-none-eabi/13.3.1/../../../../arm-none-eabi/lib/thumb/v8-m.main+fp/hard/libc_nano.a(libc_a-init.o)
                0x08009ee0                __libc_init_array
 *(.glue_7)
 .glue_7        0x08009f28        0x0 linker stubs
 *(.glue_7t)
 .glue_7t       0x08009f28        0x0 linker stubs
 *(.eh_frame)
 .eh_frame      0x08009f28        0x0 /opt/st/stm32cubeide_1.18.1/plugins/com.st.stm32cube.ide.mcu.externaltools.gnu-tools-for-stm32.13.3.rel1.linux64_1.0.0.202410170706/tools/bin/../lib/gcc/arm-none-eabi/13.3.1/thumb/v8-m.main+fp/hard/crtbegin.o
 *(.init)
 .init          0x08009f28        0x4 /opt/st/stm32cubeide_1.18.1/plugins/com.st.stm32cube.ide.mcu.externaltools.gnu-tools-for-stm32.13.3.rel1.linux64_1.0.0.202410170706/tools/bin/../lib/gcc/arm-none-eabi/13.3.1/thumb/v8-m.main+fp/hard/crti.o
                0x08009f28                _init
 .init          0x08009f2c        0x8 /opt/st/stm32cubeide_1.18.1/plugins/com.st.stm32cube.ide.mcu.externaltools.gnu-tools-for-stm32.13.3.rel1.linux64_1.0.0.202410170706/tools/bin/../lib/gcc/arm-none-eabi/13.3.1/thumb/v8-m.main+fp/hard/crtn.o
 *(.fini)
 .fini          0x08009f34        0x4 /opt/st/stm32cubeide_1.18.1/plugins/com.st.stm32cube.ide.mcu.externaltools.gnu-tools-for-stm32.13.3.rel1.linux64_1.0.0.202410170706/tools/bin/../lib/gcc/arm-none-eabi/13.3.1/thumb/v8-m.main+fp/hard/crti.o
                0x08009f34                _fini
 .fini          0x08009f38        0x8 /opt/st/stm32cubeide_1.18.1/plugins/com.st.stm32cube.ide.mcu.externaltools.gnu-tools-for-stm32.13.3.rel1.linux64_1.0.0.202410170706/tools/bin/../lib/gcc/arm-none-eabi/13.3.1/thumb/v8-m.main+fp/hard/crtn.o
                0x08009f40                        . = ALIGN (0x4)
                0x08009f40                        _etext = .

.vfp11_veneer   0x08009f40        0x0
 .vfp11_veneer  0x08009f40        0x0 linker stubs

.v4_bx          0x08009f40        0x0
 .v4_bx         0x08009f40        0x0 linker stubs

.iplt           0x08009f40        0x0
 .iplt          0x08009f40        0x0 /opt/st/stm32cubeide_1.18.1/plugins/com.st.stm32cube.ide.mcu.externaltools.gnu-tools-for-stm32.13.3.rel1.linux64_1.0.0.202410170706/tools/bin/../lib/gcc/arm-none-eabi/13.3.1/thumb/v8-m.main+fp/hard/crtbegin.o

.rodata         0x08009f40      0x28c
                0x08009f40                        . = ALIGN (0x4)
 *(.rodata)
 *(.rodata*)
 .rodata.lookup1
                0x08009f40       0xc8 ./Core/Src/main.o
                0x08009f40                lookup1
 .rodata.lookup2
                0x0800a008       0xc8 ./Core/Src/main.o
                0x0800a008                lookup2
 .rodata.lookup3
                0x0800a0d0       0xc8 ./Core/Src/main.o
                0x0800a0d0                lookup3
 .rodata.AHBPrescTable
                0x0800a198       0x10 ./Core/Src/system_stm32h5xx.o
                0x0800a198                AHBPrescTable
 .rodata.APBPrescTable
                0x0800a1a8        0x8 ./Core/Src/system_stm32h5xx.o
                0x0800a1a8                APBPrescTable
 .rodata.BUTTON_EXTI_LINE.2
                0x0800a1b0        0x4 ./Drivers/BSP/STM32H5xx_Nucleo/stm32h5xx_nucleo.o
 .rodata.UARTPrescTable
                0x0800a1b4       0x18 ./Drivers/STM32H5xx_HAL_Driver/Src/stm32h5xx_hal_uart.o
                0x0800a1b4                UARTPrescTable
                0x0800a1cc                        . = ALIGN (0x4)

.ARM.extab      0x0800a1cc        0x0
                0x0800a1cc                        . = ALIGN (0x4)
 *(.ARM.extab* .gnu.linkonce.armextab.*)
                0x0800a1cc                        . = ALIGN (0x4)

.ARM            0x0800a1cc        0x8
                0x0800a1cc                        . = ALIGN (0x4)
                0x0800a1cc                        __exidx_start = .
 *(.ARM.exidx*)
 .ARM.exidx     0x0800a1cc        0x8 /opt/st/stm32cubeide_1.18.1/plugins/com.st.stm32cube.ide.mcu.externaltools.gnu-tools-for-stm32.13.3.rel1.linux64_1.0.0.202410170706/tools/bin/../lib/gcc/arm-none-eabi/13.3.1/thumb/v8-m.main+fp/hard/libgcc.a(_udivmoddi4.o)
                0x0800a1d4                        __exidx_end = .
                0x0800a1d4                        . = ALIGN (0x4)

.preinit_array  0x0800a1d4        0x0
                0x0800a1d4                        . = ALIGN (0x4)
                0x0800a1d4                        PROVIDE (__preinit_array_start = .)
 *(.preinit_array*)
                0x0800a1d4                        PROVIDE (__preinit_array_end = .)
                0x0800a1d4                        . = ALIGN (0x4)

.init_array     0x0800a1d4        0x4
                0x0800a1d4                        . = ALIGN (0x4)
                0x0800a1d4                        PROVIDE (__init_array_start = .)
 *(SORT_BY_NAME(.init_array.*))
 *(.init_array*)
 .init_array    0x0800a1d4        0x4 /opt/st/stm32cubeide_1.18.1/plugins/com.st.stm32cube.ide.mcu.externaltools.gnu-tools-for-stm32.13.3.rel1.linux64_1.0.0.202410170706/tools/bin/../lib/gcc/arm-none-eabi/13.3.1/thumb/v8-m.main+fp/hard/crtbegin.o
                0x0800a1d8                        PROVIDE (__init_array_end = .)
                0x0800a1d8                        . = ALIGN (0x4)

.fini_array     0x0800a1d8        0x4
                0x0800a1d8                        . = ALIGN (0x4)
                [!provide]                        PROVIDE (__fini_array_start = .)
 *(SORT_BY_NAME(.fini_array.*))
 *(.fini_array*)
 .fini_array    0x0800a1d8        0x4 /opt/st/stm32cubeide_1.18.1/plugins/com.st.stm32cube.ide.mcu.externaltools.gnu-tools-for-stm32.13.3.rel1.linux64_1.0.0.202410170706/tools/bin/../lib/gcc/arm-none-eabi/13.3.1/thumb/v8-m.main+fp/hard/crtbegin.o
                [!provide]                        PROVIDE (__fini_array_end = .)
                0x0800a1dc                        . = ALIGN (0x4)
                0x0800a1dc                        _sidata = LOADADDR (.data)

.rel.dyn        0x0800a1dc        0x0
 .rel.iplt      0x0800a1dc        0x0 /opt/st/stm32cubeide_1.18.1/plugins/com.st.stm32cube.ide.mcu.externaltools.gnu-tools-for-stm32.13.3.rel1.linux64_1.0.0.202410170706/tools/bin/../lib/gcc/arm-none-eabi/13.3.1/thumb/v8-m.main+fp/hard/crtbegin.o

.data           0x20000000       0x20 load address 0x0800a1dc
                0x20000000                        . = ALIGN (0x4)
                0x20000000                        _sdata = .
 *(.data)
 *(.data*)
 .data.SystemCoreClock
                0x20000000        0x4 ./Core/Src/system_stm32h5xx.o
                0x20000000                SystemCoreClock
 .data.COM_USART
                0x20000004        0x4 ./Drivers/BSP/STM32H5xx_Nucleo/stm32h5xx_nucleo.o
                0x20000004                COM_USART
 .data.LED_PORT
                0x20000008        0x4 ./Drivers/BSP/STM32H5xx_Nucleo/stm32h5xx_nucleo.o
 .data.BUTTON_PORT
                0x2000000c        0x4 ./Drivers/BSP/STM32H5xx_Nucleo/stm32h5xx_nucleo.o
 .data.ButtonCallback.1
                0x20000010        0x4 ./Drivers/BSP/STM32H5xx_Nucleo/stm32h5xx_nucleo.o
 .data.BSP_BUTTON_PRIO.0
                0x20000014        0x4 ./Drivers/BSP/STM32H5xx_Nucleo/stm32h5xx_nucleo.o
 .data.uwTickPrio
                0x20000018        0x4 ./Drivers/STM32H5xx_HAL_Driver/Src/stm32h5xx_hal.o
                0x20000018                uwTickPrio
 .data.uwTickFreq
                0x2000001c        0x1 ./Drivers/STM32H5xx_HAL_Driver/Src/stm32h5xx_hal.o
                0x2000001c                uwTickFreq
 *(.RamFunc)
 *(.RamFunc*)
                0x20000020                        . = ALIGN (0x4)
 *fill*         0x2000001d        0x3 
                0x20000020                        _edata = .

.igot.plt       0x20000020        0x0 load address 0x0800a1fc
 .igot.plt      0x20000020        0x0 /opt/st/stm32cubeide_1.18.1/plugins/com.st.stm32cube.ide.mcu.externaltools.gnu-tools-for-stm32.13.3.rel1.linux64_1.0.0.202410170706/tools/bin/../lib/gcc/arm-none-eabi/13.3.1/thumb/v8-m.main+fp/hard/crtbegin.o
                0x20000020                        . = ALIGN (0x4)

.bss            0x20000020      0x1d4 load address 0x0800a1fc
                0x20000020                        _sbss = .
                0x20000020                        __bss_start__ = _sbss
 *(.bss)
 .bss           0x20000020       0x1c /opt/st/stm32cubeide_1.18.1/plugins/com.st.stm32cube.ide.mcu.externaltools.gnu-tools-for-stm32.13.3.rel1.linux64_1.0.0.202410170706/tools/bin/../lib/gcc/arm-none-eabi/13.3.1/thumb/v8-m.main+fp/hard/crtbegin.o
 *(.bss*)
 .bss.BspCOMInit
                0x2000003c       0x10 ./Core/Src/main.o
                0x2000003c                BspCOMInit
 .bss.hadc1     0x2000004c       0x68 ./Core/Src/main.o
                0x2000004c                hadc1
 .bss.htim1     0x200000b4       0x4c ./Core/Src/main.o
                0x200000b4                htim1
 .bss.htim6     0x20000100       0x4c ./Core/Src/main.o
                0x20000100                htim6
 .bss.lookup_index
                0x2000014c        0x2 ./Core/Src/main.o
                0x2000014c                lookup_index
 .bss.AD_RES    0x2000014e        0x2 ./Core/Src/main.o
                0x2000014e                AD_RES
 .bss.hpb_exti  0x20000150        0xc ./Drivers/BSP/STM32H5xx_Nucleo/stm32h5xx_nucleo.o
                0x20000150                hpb_exti
 .bss.hcom_uart
                0x2000015c       0x94 ./Drivers/BSP/STM32H5xx_Nucleo/stm32h5xx_nucleo.o
                0x2000015c                hcom_uart
 .bss.uwTick    0x200001f0        0x4 ./Drivers/STM32H5xx_HAL_Driver/Src/stm32h5xx_hal.o
                0x200001f0                uwTick
 *(COMMON)
                0x200001f4                        . = ALIGN (0x4)
                0x200001f4                        _ebss = .
                0x200001f4                        __bss_end__ = _ebss

._user_heap_stack
                0x200001f4      0x604 load address 0x0800a1fc
                0x200001f8                        . = ALIGN (0x8)
 *fill*         0x200001f4        0x4 
                [!provide]                        PROVIDE (end = .)
                0x200001f8                        PROVIDE (_end = .)
                0x200003f8                        . = (. + _Min_Heap_Size)
 *fill*         0x200001f8      0x200 
                0x200007f8                        . = (. + _Min_Stack_Size)
 *fill*         0x200003f8      0x400 
                0x200007f8                        . = ALIGN (0x8)

/DISCARD/
 libc.a(*)
 libm.a(*)
 libgcc.a(*)

.ARM.attributes
                0x00000000       0x36
 *(.ARM.attributes)
 .ARM.attributes
                0x00000000       0x26 /opt/st/stm32cubeide_1.18.1/plugins/com.st.stm32cube.ide.mcu.externaltools.gnu-tools-for-stm32.13.3.rel1.linux64_1.0.0.202410170706/tools/bin/../lib/gcc/arm-none-eabi/13.3.1/thumb/v8-m.main+fp/hard/crti.o
 .ARM.attributes
                0x00000026       0x38 /opt/st/stm32cubeide_1.18.1/plugins/com.st.stm32cube.ide.mcu.externaltools.gnu-tools-for-stm32.13.3.rel1.linux64_1.0.0.202410170706/tools/bin/../lib/gcc/arm-none-eabi/13.3.1/thumb/v8-m.main+fp/hard/crtbegin.o
 .ARM.attributes
                0x0000005e       0x3a ./Core/Src/main.o
 .ARM.attributes
                0x00000098       0x3a ./Core/Src/stm32h5xx_hal_msp.o
 .ARM.attributes
                0x000000d2       0x3a ./Core/Src/stm32h5xx_it.o
 .ARM.attributes
                0x0000010c       0x3a ./Core/Src/system_stm32h5xx.o
 .ARM.attributes
                0x00000146       0x24 ./Core/Startup/startup_stm32h533retx.o
 .ARM.attributes
                0x0000016a       0x3a ./Drivers/BSP/STM32H5xx_Nucleo/stm32h5xx_nucleo.o
 .ARM.attributes
                0x000001a4       0x3a ./Drivers/STM32H5xx_HAL_Driver/Src/stm32h5xx_hal.o
 .ARM.attributes
                0x000001de       0x3a ./Drivers/STM32H5xx_HAL_Driver/Src/stm32h5xx_hal_adc.o
 .ARM.attributes
                0x00000218       0x3a ./Drivers/STM32H5xx_HAL_Driver/Src/stm32h5xx_hal_adc_ex.o
 .ARM.attributes
                0x00000252       0x3a ./Drivers/STM32H5xx_HAL_Driver/Src/stm32h5xx_hal_cortex.o
 .ARM.attributes
                0x0000028c       0x3a ./Drivers/STM32H5xx_HAL_Driver/Src/stm32h5xx_hal_exti.o
 .ARM.attributes
                0x000002c6       0x3a ./Drivers/STM32H5xx_HAL_Driver/Src/stm32h5xx_hal_gpio.o
 .ARM.attributes
                0x00000300       0x3a ./Drivers/STM32H5xx_HAL_Driver/Src/stm32h5xx_hal_rcc.o
 .ARM.attributes
                0x0000033a       0x3a ./Drivers/STM32H5xx_HAL_Driver/Src/stm32h5xx_hal_rcc_ex.o
 .ARM.attributes
                0x00000374       0x3a ./Drivers/STM32H5xx_HAL_Driver/Src/stm32h5xx_hal_tim.o
 .ARM.attributes
                0x000003ae       0x3a ./Drivers/STM32H5xx_HAL_Driver/Src/stm32h5xx_hal_tim_ex.o
 .ARM.attributes
                0x000003e8       0x3a ./Drivers/STM32H5xx_HAL_Driver/Src/stm32h5xx_hal_uart.o
 .ARM.attributes
                0x00000422       0x38 /opt/st/stm32cubeide_1.18.1/plugins/com.st.stm32cube.ide.mcu.externaltools.gnu-tools-for-stm32.13.3.rel1.linux64_1.0.0.202410170706/tools/bin/../lib/gcc/arm-none-eabi/13.3.1/../../../../arm-none-eabi/lib/thumb/v8-m.main+fp/hard/libc_nano.a(libc_a-memset.o)
 .ARM.attributes
                0x0000045a       0x38 /opt/st/stm32cubeide_1.18.1/plugins/com.st.stm32cube.ide.mcu.externaltools.gnu-tools-for-stm32.13.3.rel1.linux64_1.0.0.202410170706/tools/bin/../lib/gcc/arm-none-eabi/13.3.1/../../../../arm-none-eabi/lib/thumb/v8-m.main+fp/hard/libc_nano.a(libc_a-init.o)
 .ARM.attributes
                0x00000492       0x26 /opt/st/stm32cubeide_1.18.1/plugins/com.st.stm32cube.ide.mcu.externaltools.gnu-tools-for-stm32.13.3.rel1.linux64_1.0.0.202410170706/tools/bin/../lib/gcc/arm-none-eabi/13.3.1/thumb/v8-m.main+fp/hard/libgcc.a(_aeabi_uldivmod.o)
 .ARM.attributes
                0x000004b8       0x38 /opt/st/stm32cubeide_1.18.1/plugins/com.st.stm32cube.ide.mcu.externaltools.gnu-tools-for-stm32.13.3.rel1.linux64_1.0.0.202410170706/tools/bin/../lib/gcc/arm-none-eabi/13.3.1/thumb/v8-m.main+fp/hard/libgcc.a(_udivmoddi4.o)
 .ARM.attributes
                0x000004f0       0x26 /opt/st/stm32cubeide_1.18.1/plugins/com.st.stm32cube.ide.mcu.externaltools.gnu-tools-for-stm32.13.3.rel1.linux64_1.0.0.202410170706/tools/bin/../lib/gcc/arm-none-eabi/13.3.1/thumb/v8-m.main+fp/hard/libgcc.a(_dvmd_tls.o)
 .ARM.attributes
                0x00000516       0x26 /opt/st/stm32cubeide_1.18.1/plugins/com.st.stm32cube.ide.mcu.externaltools.gnu-tools-for-stm32.13.3.rel1.linux64_1.0.0.202410170706/tools/bin/../lib/gcc/arm-none-eabi/13.3.1/thumb/v8-m.main+fp/hard/crtn.o
OUTPUT(pwm.elf elf32-littlearm)
LOAD linker stubs
LOAD /opt/st/stm32cubeide_1.18.1/plugins/com.st.stm32cube.ide.mcu.externaltools.gnu-tools-for-stm32.13.3.rel1.linux64_1.0.0.202410170706/tools/bin/../lib/gcc/arm-none-eabi/13.3.1/../../../../arm-none-eabi/lib/thumb/v8-m.main+fp/hard/libc.a
LOAD /opt/st/stm32cubeide_1.18.1/plugins/com.st.stm32cube.ide.mcu.externaltools.gnu-tools-for-stm32.13.3.rel1.linux64_1.0.0.202410170706/tools/bin/../lib/gcc/arm-none-eabi/13.3.1/../../../../arm-none-eabi/lib/thumb/v8-m.main+fp/hard/libm.a
LOAD /opt/st/stm32cubeide_1.18.1/plugins/com.st.stm32cube.ide.mcu.externaltools.gnu-tools-for-stm32.13.3.rel1.linux64_1.0.0.202410170706/tools/bin/../lib/gcc/arm-none-eabi/13.3.1/thumb/v8-m.main+fp/hard/libgcc.a

.debug_info     0x00000000    0x19e63
 .debug_info    0x00000000     0x22d6 ./Core/Src/main.o
 .debug_info    0x000022d6     0x1a73 ./Core/Src/stm32h5xx_hal_msp.o
 .debug_info    0x00003d49      0xe37 ./Core/Src/stm32h5xx_it.o
 .debug_info    0x00004b80      0xce0 ./Core/Src/system_stm32h5xx.o
 .debug_info    0x00005860       0x30 ./Core/Startup/startup_stm32h533retx.o
 .debug_info    0x00005890     0x1ad2 ./Drivers/BSP/STM32H5xx_Nucleo/stm32h5xx_nucleo.o
 .debug_info    0x00007362     0x1302 ./Drivers/STM32H5xx_HAL_Driver/Src/stm32h5xx_hal.o
 .debug_info    0x00008664     0x237e ./Drivers/STM32H5xx_HAL_Driver/Src/stm32h5xx_hal_adc.o
 .debug_info    0x0000a9e2     0x20b0 ./Drivers/STM32H5xx_HAL_Driver/Src/stm32h5xx_hal_adc_ex.o
 .debug_info    0x0000ca92     0x15e0 ./Drivers/STM32H5xx_HAL_Driver/Src/stm32h5xx_hal_cortex.o
 .debug_info    0x0000e072      0x7ca ./Drivers/STM32H5xx_HAL_Driver/Src/stm32h5xx_hal_exti.o
 .debug_info    0x0000e83c      0x6b6 ./Drivers/STM32H5xx_HAL_Driver/Src/stm32h5xx_hal_gpio.o
 .debug_info    0x0000eef2     0x1009 ./Drivers/STM32H5xx_HAL_Driver/Src/stm32h5xx_hal_rcc.o
 .debug_info    0x0000fefb     0x1204 ./Drivers/STM32H5xx_HAL_Driver/Src/stm32h5xx_hal_rcc_ex.o
 .debug_info    0x000110ff     0x2e54 ./Drivers/STM32H5xx_HAL_Driver/Src/stm32h5xx_hal_tim.o
 .debug_info    0x00013f53     0x1eaa ./Drivers/STM32H5xx_HAL_Driver/Src/stm32h5xx_hal_tim_ex.o
 .debug_info    0x00015dfd     0x4066 ./Drivers/STM32H5xx_HAL_Driver/Src/stm32h5xx_hal_uart.o

.debug_abbrev   0x00000000     0x27d9
 .debug_abbrev  0x00000000      0x323 ./Core/Src/main.o
 .debug_abbrev  0x00000323      0x223 ./Core/Src/stm32h5xx_hal_msp.o
 .debug_abbrev  0x00000546      0x1c6 ./Core/Src/stm32h5xx_it.o
 .debug_abbrev  0x0000070c      0x13a ./Core/Src/system_stm32h5xx.o
 .debug_abbrev  0x00000846       0x24 ./Core/Startup/startup_stm32h533retx.o
 .debug_abbrev  0x0000086a      0x330 ./Drivers/BSP/STM32H5xx_Nucleo/stm32h5xx_nucleo.o
 .debug_abbrev  0x00000b9a      0x2af ./Drivers/STM32H5xx_HAL_Driver/Src/stm32h5xx_hal.o
 .debug_abbrev  0x00000e49      0x2b9 ./Drivers/STM32H5xx_HAL_Driver/Src/stm32h5xx_hal_adc.o
 .debug_abbrev  0x00001102      0x2de ./Drivers/STM32H5xx_HAL_Driver/Src/stm32h5xx_hal_adc_ex.o
 .debug_abbrev  0x000013e0      0x311 ./Drivers/STM32H5xx_HAL_Driver/Src/stm32h5xx_hal_cortex.o
 .debug_abbrev  0x000016f1      0x198 ./Drivers/STM32H5xx_HAL_Driver/Src/stm32h5xx_hal_exti.o
 .debug_abbrev  0x00001889      0x1db ./Drivers/STM32H5xx_HAL_Driver/Src/stm32h5xx_hal_gpio.o
 .debug_abbrev  0x00001a64      0x290 ./Drivers/STM32H5xx_HAL_Driver/Src/stm32h5xx_hal_rcc.o
 .debug_abbrev  0x00001cf4      0x25c ./Drivers/STM32H5xx_HAL_Driver/Src/stm32h5xx_hal_rcc_ex.o
 .debug_abbrev  0x00001f50      0x2bd ./Drivers/STM32H5xx_HAL_Driver/Src/stm32h5xx_hal_tim.o
 .debug_abbrev  0x0000220d      0x2c7 ./Drivers/STM32H5xx_HAL_Driver/Src/stm32h5xx_hal_tim_ex.o
 .debug_abbrev  0x000024d4      0x305 ./Drivers/STM32H5xx_HAL_Driver/Src/stm32h5xx_hal_uart.o

.debug_aranges  0x00000000     0x14a0
 .debug_aranges
                0x00000000       0x68 ./Core/Src/main.o
 .debug_aranges
                0x00000068       0x48 ./Core/Src/stm32h5xx_hal_msp.o
 .debug_aranges
                0x000000b0       0x78 ./Core/Src/stm32h5xx_it.o
 .debug_aranges
                0x00000128       0x28 ./Core/Src/system_stm32h5xx.o
 .debug_aranges
                0x00000150       0x28 ./Core/Startup/startup_stm32h533retx.o
 .debug_aranges
                0x00000178       0xc8 ./Drivers/BSP/STM32H5xx_Nucleo/stm32h5xx_nucleo.o
 .debug_aranges
                0x00000240      0x1f8 ./Drivers/STM32H5xx_HAL_Driver/Src/stm32h5xx_hal.o
 .debug_aranges
                0x00000438      0x258 ./Drivers/STM32H5xx_HAL_Driver/Src/stm32h5xx_hal_adc.o
 .debug_aranges
                0x00000690      0x1d0 ./Drivers/STM32H5xx_HAL_Driver/Src/stm32h5xx_hal_adc_ex.o
 .debug_aranges
                0x00000860      0x140 ./Drivers/STM32H5xx_HAL_Driver/Src/stm32h5xx_hal_cortex.o
 .debug_aranges
                0x000009a0       0x70 ./Drivers/STM32H5xx_HAL_Driver/Src/stm32h5xx_hal_exti.o
 .debug_aranges
                0x00000a10       0x78 ./Drivers/STM32H5xx_HAL_Driver/Src/stm32h5xx_hal_gpio.o
 .debug_aranges
                0x00000a88       0xa0 ./Drivers/STM32H5xx_HAL_Driver/Src/stm32h5xx_hal_rcc.o
 .debug_aranges
                0x00000b28      0x108 ./Drivers/STM32H5xx_HAL_Driver/Src/stm32h5xx_hal_rcc_ex.o
 .debug_aranges
                0x00000c30      0x3e8 ./Drivers/STM32H5xx_HAL_Driver/Src/stm32h5xx_hal_tim.o
 .debug_aranges
                0x00001018      0x240 ./Drivers/STM32H5xx_HAL_Driver/Src/stm32h5xx_hal_tim_ex.o
 .debug_aranges
                0x00001258      0x248 ./Drivers/STM32H5xx_HAL_Driver/Src/stm32h5xx_hal_uart.o

.debug_rnglists
                0x00000000     0x101b
 .debug_rnglists
                0x00000000       0x4f ./Core/Src/main.o
 .debug_rnglists
                0x0000004f       0x34 ./Core/Src/stm32h5xx_hal_msp.o
 .debug_rnglists
                0x00000083       0x55 ./Core/Src/stm32h5xx_it.o
 .debug_rnglists
                0x000000d8       0x1b ./Core/Src/system_stm32h5xx.o
 .debug_rnglists
                0x000000f3       0x19 ./Core/Startup/startup_stm32h533retx.o
 .debug_rnglists
                0x0000010c       0x94 ./Drivers/BSP/STM32H5xx_Nucleo/stm32h5xx_nucleo.o
 .debug_rnglists
                0x000001a0      0x177 ./Drivers/STM32H5xx_HAL_Driver/Src/stm32h5xx_hal.o
 .debug_rnglists
                0x00000317      0x1cc ./Drivers/STM32H5xx_HAL_Driver/Src/stm32h5xx_hal_adc.o
 .debug_rnglists
                0x000004e3      0x166 ./Drivers/STM32H5xx_HAL_Driver/Src/stm32h5xx_hal_adc_ex.o
 .debug_rnglists
                0x00000649       0xec ./Drivers/STM32H5xx_HAL_Driver/Src/stm32h5xx_hal_cortex.o
 .debug_rnglists
                0x00000735       0x53 ./Drivers/STM32H5xx_HAL_Driver/Src/stm32h5xx_hal_exti.o
 .debug_rnglists
                0x00000788       0x57 ./Drivers/STM32H5xx_HAL_Driver/Src/stm32h5xx_hal_gpio.o
 .debug_rnglists
                0x000007df       0x79 ./Drivers/STM32H5xx_HAL_Driver/Src/stm32h5xx_hal_rcc.o
 .debug_rnglists
                0x00000858       0xcf ./Drivers/STM32H5xx_HAL_Driver/Src/stm32h5xx_hal_rcc_ex.o
 .debug_rnglists
                0x00000927      0x32e ./Drivers/STM32H5xx_HAL_Driver/Src/stm32h5xx_hal_tim.o
 .debug_rnglists
                0x00000c55      0x1cb ./Drivers/STM32H5xx_HAL_Driver/Src/stm32h5xx_hal_tim_ex.o
 .debug_rnglists
                0x00000e20      0x1fb ./Drivers/STM32H5xx_HAL_Driver/Src/stm32h5xx_hal_uart.o

.debug_macro    0x00000000    0x2d83c
 .debug_macro   0x00000000      0x2fd ./Core/Src/main.o
 .debug_macro   0x000002fd      0xae4 ./Core/Src/main.o
 .debug_macro   0x00000de1       0x22 ./Core/Src/main.o
 .debug_macro   0x00000e03      0x19f ./Core/Src/main.o
 .debug_macro   0x00000fa2       0x22 ./Core/Src/main.o
 .debug_macro   0x00000fc4       0x5b ./Core/Src/main.o
 .debug_macro   0x0000101f       0x2a ./Core/Src/main.o
 .debug_macro   0x00001049       0x94 ./Core/Src/main.o
 .debug_macro   0x000010dd       0x43 ./Core/Src/main.o
 .debug_macro   0x00001120       0x34 ./Core/Src/main.o
 .debug_macro   0x00001154      0x190 ./Core/Src/main.o
 .debug_macro   0x000012e4       0x57 ./Core/Src/main.o
 .debug_macro   0x0000133b      0x370 ./Core/Src/main.o
 .debug_macro   0x000016ab       0x16 ./Core/Src/main.o
 .debug_macro   0x000016c1       0x4a ./Core/Src/main.o
 .debug_macro   0x0000170b       0x34 ./Core/Src/main.o
 .debug_macro   0x0000173f       0x10 ./Core/Src/main.o
 .debug_macro   0x0000174f       0x58 ./Core/Src/main.o
 .debug_macro   0x000017a7       0x8e ./Core/Src/main.o
 .debug_macro   0x00001835       0x1c ./Core/Src/main.o
 .debug_macro   0x00001851      0x185 ./Core/Src/main.o
 .debug_macro   0x000019d6      0x19b ./Core/Src/main.o
 .debug_macro   0x00001b71       0x28 ./Core/Src/main.o
 .debug_macro   0x00001b99       0x42 ./Core/Src/main.o
 .debug_macro   0x00001bdb      0x103 ./Core/Src/main.o
 .debug_macro   0x00001cde       0x6a ./Core/Src/main.o
 .debug_macro   0x00001d48      0x1df ./Core/Src/main.o
 .debug_macro   0x00001f27       0x1c ./Core/Src/main.o
 .debug_macro   0x00001f43       0x29 ./Core/Src/main.o
 .debug_macro   0x00001f6c       0xfb ./Core/Src/main.o
 .debug_macro   0x00002067     0x1685 ./Core/Src/main.o
 .debug_macro   0x000036ec       0x5e ./Core/Src/main.o
 .debug_macro   0x0000374a    0x1c054 ./Core/Src/main.o
 .debug_macro   0x0001f79e       0x6d ./Core/Src/main.o
 .debug_macro   0x0001f80b     0x388a ./Core/Src/main.o
 .debug_macro   0x00023095       0x63 ./Core/Src/main.o
 .debug_macro   0x000230f8     0x1a59 ./Core/Src/main.o
 .debug_macro   0x00024b51      0xa9f ./Core/Src/main.o
 .debug_macro   0x000255f0      0x166 ./Core/Src/main.o
 .debug_macro   0x00025756      0x262 ./Core/Src/main.o
 .debug_macro   0x000259b8      0x765 ./Core/Src/main.o
 .debug_macro   0x0002611d      0x424 ./Core/Src/main.o
 .debug_macro   0x00026541       0xd6 ./Core/Src/main.o
 .debug_macro   0x00026617      0x1cd ./Core/Src/main.o
 .debug_macro   0x000267e4      0xf82 ./Core/Src/main.o
 .debug_macro   0x00027766      0x671 ./Core/Src/main.o
 .debug_macro   0x00027dd7      0x30c ./Core/Src/main.o
 .debug_macro   0x000280e3      0x2bb ./Core/Src/main.o
 .debug_macro   0x0002839e      0x57b ./Core/Src/main.o
 .debug_macro   0x00028919       0x7b ./Core/Src/main.o
 .debug_macro   0x00028994      0x313 ./Core/Src/main.o
 .debug_macro   0x00028ca7      0x1bb ./Core/Src/main.o
 .debug_macro   0x00028e62      0xbe8 ./Core/Src/main.o
 .debug_macro   0x00029a4a      0x37d ./Core/Src/main.o
 .debug_macro   0x00029dc7      0x693 ./Core/Src/main.o
 .debug_macro   0x0002a45a       0xa6 ./Core/Src/main.o
 .debug_macro   0x0002a500      0x253 ./Core/Src/main.o
 .debug_macro   0x0002a753      0x469 ./Core/Src/main.o
 .debug_macro   0x0002abbc       0x22 ./Core/Src/main.o
 .debug_macro   0x0002abde       0x52 ./Core/Src/main.o
 .debug_macro   0x0002ac30       0x1c ./Core/Src/main.o
 .debug_macro   0x0002ac4c       0x3c ./Core/Src/main.o
 .debug_macro   0x0002ac88       0x10 ./Core/Src/main.o
 .debug_macro   0x0002ac98       0x1c ./Core/Src/main.o
 .debug_macro   0x0002acb4       0x16 ./Core/Src/main.o
 .debug_macro   0x0002acca      0x146 ./Core/Src/main.o
 .debug_macro   0x0002ae10       0xf8 ./Core/Src/main.o
 .debug_macro   0x0002af08       0x34 ./Core/Src/main.o
 .debug_macro   0x0002af3c      0x2f4 ./Core/Src/stm32h5xx_hal_msp.o
 .debug_macro   0x0002b230      0x2fe ./Core/Src/stm32h5xx_it.o
 .debug_macro   0x0002b52e      0x297 ./Core/Src/system_stm32h5xx.o
 .debug_macro   0x0002b7c5      0x2f1 ./Drivers/BSP/STM32H5xx_Nucleo/stm32h5xx_nucleo.o
 .debug_macro   0x0002bab6       0x1c ./Drivers/BSP/STM32H5xx_Nucleo/stm32h5xx_nucleo.o
 .debug_macro   0x0002bad2      0x2c6 ./Drivers/STM32H5xx_HAL_Driver/Src/stm32h5xx_hal.o
 .debug_macro   0x0002bd98      0x2ad ./Drivers/STM32H5xx_HAL_Driver/Src/stm32h5xx_hal_adc.o
 .debug_macro   0x0002c045      0x29c ./Drivers/STM32H5xx_HAL_Driver/Src/stm32h5xx_hal_adc_ex.o
 .debug_macro   0x0002c2e1      0x290 ./Drivers/STM32H5xx_HAL_Driver/Src/stm32h5xx_hal_cortex.o
 .debug_macro   0x0002c571      0x2a8 ./Drivers/STM32H5xx_HAL_Driver/Src/stm32h5xx_hal_exti.o
 .debug_macro   0x0002c819      0x2c6 ./Drivers/STM32H5xx_HAL_Driver/Src/stm32h5xx_hal_gpio.o
 .debug_macro   0x0002cadf      0x2d2 ./Drivers/STM32H5xx_HAL_Driver/Src/stm32h5xx_hal_rcc.o
 .debug_macro   0x0002cdb1      0x2a2 ./Drivers/STM32H5xx_HAL_Driver/Src/stm32h5xx_hal_rcc_ex.o
 .debug_macro   0x0002d053      0x298 ./Drivers/STM32H5xx_HAL_Driver/Src/stm32h5xx_hal_tim.o
 .debug_macro   0x0002d2eb      0x296 ./Drivers/STM32H5xx_HAL_Driver/Src/stm32h5xx_hal_tim_ex.o
 .debug_macro   0x0002d581      0x2bb ./Drivers/STM32H5xx_HAL_Driver/Src/stm32h5xx_hal_uart.o

.debug_line     0x00000000    0x177d3
 .debug_line    0x00000000      0xb97 ./Core/Src/main.o
 .debug_line    0x00000b97      0x997 ./Core/Src/stm32h5xx_hal_msp.o
 .debug_line    0x0000152e      0x97c ./Core/Src/stm32h5xx_it.o
 .debug_line    0x00001eaa      0x97a ./Core/Src/system_stm32h5xx.o
 .debug_line    0x00002824       0x7b ./Core/Startup/startup_stm32h533retx.o
 .debug_line    0x0000289f      0xbf0 ./Drivers/BSP/STM32H5xx_Nucleo/stm32h5xx_nucleo.o
 .debug_line    0x0000348f      0xf02 ./Drivers/STM32H5xx_HAL_Driver/Src/stm32h5xx_hal.o
 .debug_line    0x00004391     0x2128 ./Drivers/STM32H5xx_HAL_Driver/Src/stm32h5xx_hal_adc.o
 .debug_line    0x000064b9     0x1b52 ./Drivers/STM32H5xx_HAL_Driver/Src/stm32h5xx_hal_adc_ex.o
 .debug_line    0x0000800b      0xe49 ./Drivers/STM32H5xx_HAL_Driver/Src/stm32h5xx_hal_cortex.o
 .debug_line    0x00008e54      0xc3e ./Drivers/STM32H5xx_HAL_Driver/Src/stm32h5xx_hal_exti.o
 .debug_line    0x00009a92      0xc03 ./Drivers/STM32H5xx_HAL_Driver/Src/stm32h5xx_hal_gpio.o
 .debug_line    0x0000a695     0x1392 ./Drivers/STM32H5xx_HAL_Driver/Src/stm32h5xx_hal_rcc.o
 .debug_line    0x0000ba27     0x239d ./Drivers/STM32H5xx_HAL_Driver/Src/stm32h5xx_hal_rcc_ex.o
 .debug_line    0x0000ddc4     0x43e8 ./Drivers/STM32H5xx_HAL_Driver/Src/stm32h5xx_hal_tim.o
 .debug_line    0x000121ac     0x218f ./Drivers/STM32H5xx_HAL_Driver/Src/stm32h5xx_hal_tim_ex.o
 .debug_line    0x0001433b     0x3498 ./Drivers/STM32H5xx_HAL_Driver/Src/stm32h5xx_hal_uart.o

.debug_str      0x00000000   0x12d41b
 .debug_str     0x00000000   0x12d41b ./Core/Src/main.o
                             0x127a01 (size before relaxing)
 .debug_str     0x0012d41b   0x1278e6 ./Core/Src/stm32h5xx_hal_msp.o
 .debug_str     0x0012d41b   0x126cce ./Core/Src/stm32h5xx_it.o
 .debug_str     0x0012d41b   0x1259b8 ./Core/Src/system_stm32h5xx.o
 .debug_str     0x0012d41b       0x78 ./Core/Startup/startup_stm32h533retx.o
 .debug_str     0x0012d41b   0x127671 ./Drivers/BSP/STM32H5xx_Nucleo/stm32h5xx_nucleo.o
 .debug_str     0x0012d41b   0x126766 ./Drivers/STM32H5xx_HAL_Driver/Src/stm32h5xx_hal.o
 .debug_str     0x0012d41b   0x126860 ./Drivers/STM32H5xx_HAL_Driver/Src/stm32h5xx_hal_adc.o
 .debug_str     0x0012d41b   0x12680f ./Drivers/STM32H5xx_HAL_Driver/Src/stm32h5xx_hal_adc_ex.o
 .debug_str     0x0012d41b   0x126321 ./Drivers/STM32H5xx_HAL_Driver/Src/stm32h5xx_hal_cortex.o
 .debug_str     0x0012d41b   0x12575c ./Drivers/STM32H5xx_HAL_Driver/Src/stm32h5xx_hal_exti.o
 .debug_str     0x0012d41b   0x12578f ./Drivers/STM32H5xx_HAL_Driver/Src/stm32h5xx_hal_gpio.o
 .debug_str     0x0012d41b   0x125efd ./Drivers/STM32H5xx_HAL_Driver/Src/stm32h5xx_hal_rcc.o
 .debug_str     0x0012d41b   0x126187 ./Drivers/STM32H5xx_HAL_Driver/Src/stm32h5xx_hal_rcc_ex.o
 .debug_str     0x0012d41b   0x126bd9 ./Drivers/STM32H5xx_HAL_Driver/Src/stm32h5xx_hal_tim.o
 .debug_str     0x0012d41b   0x126803 ./Drivers/STM32H5xx_HAL_Driver/Src/stm32h5xx_hal_tim_ex.o
 .debug_str     0x0012d41b   0x126470 ./Drivers/STM32H5xx_HAL_Driver/Src/stm32h5xx_hal_uart.o

.comment        0x00000000       0x43
 .comment       0x00000000       0x43 ./Core/Src/main.o
                                 0x44 (size before relaxing)
 .comment       0x00000043       0x44 ./Core/Src/stm32h5xx_hal_msp.o
 .comment       0x00000043       0x44 ./Core/Src/stm32h5xx_it.o
 .comment       0x00000043       0x44 ./Core/Src/system_stm32h5xx.o
 .comment       0x00000043       0x44 ./Drivers/BSP/STM32H5xx_Nucleo/stm32h5xx_nucleo.o
 .comment       0x00000043       0x44 ./Drivers/STM32H5xx_HAL_Driver/Src/stm32h5xx_hal.o
 .comment       0x00000043       0x44 ./Drivers/STM32H5xx_HAL_Driver/Src/stm32h5xx_hal_adc.o
 .comment       0x00000043       0x44 ./Drivers/STM32H5xx_HAL_Driver/Src/stm32h5xx_hal_adc_ex.o
 .comment       0x00000043       0x44 ./Drivers/STM32H5xx_HAL_Driver/Src/stm32h5xx_hal_cortex.o
 .comment       0x00000043       0x44 ./Drivers/STM32H5xx_HAL_Driver/Src/stm32h5xx_hal_exti.o
 .comment       0x00000043       0x44 ./Drivers/STM32H5xx_HAL_Driver/Src/stm32h5xx_hal_gpio.o
 .comment       0x00000043       0x44 ./Drivers/STM32H5xx_HAL_Driver/Src/stm32h5xx_hal_rcc.o
 .comment       0x00000043       0x44 ./Drivers/STM32H5xx_HAL_Driver/Src/stm32h5xx_hal_rcc_ex.o
 .comment       0x00000043       0x44 ./Drivers/STM32H5xx_HAL_Driver/Src/stm32h5xx_hal_tim.o
 .comment       0x00000043       0x44 ./Drivers/STM32H5xx_HAL_Driver/Src/stm32h5xx_hal_tim_ex.o
 .comment       0x00000043       0x44 ./Drivers/STM32H5xx_HAL_Driver/Src/stm32h5xx_hal_uart.o

.debug_frame    0x00000000     0x5a8c
 .debug_frame   0x00000000      0x160 ./Core/Src/main.o
 .debug_frame   0x00000160       0xe8 ./Core/Src/stm32h5xx_hal_msp.o
 .debug_frame   0x00000248      0x158 ./Core/Src/stm32h5xx_it.o
 .debug_frame   0x000003a0       0x60 ./Core/Src/system_stm32h5xx.o
 .debug_frame   0x00000400      0x31c ./Drivers/BSP/STM32H5xx_Nucleo/stm32h5xx_nucleo.o
 .debug_frame   0x0000071c      0x800 ./Drivers/STM32H5xx_HAL_Driver/Src/stm32h5xx_hal.o
 .debug_frame   0x00000f1c      0xb20 ./Drivers/STM32H5xx_HAL_Driver/Src/stm32h5xx_hal_adc.o
 .debug_frame   0x00001a3c      0x86c ./Drivers/STM32H5xx_HAL_Driver/Src/stm32h5xx_hal_adc_ex.o
 .debug_frame   0x000022a8      0x560 ./Drivers/STM32H5xx_HAL_Driver/Src/stm32h5xx_hal_cortex.o
 .debug_frame   0x00002808      0x1c4 ./Drivers/STM32H5xx_HAL_Driver/Src/stm32h5xx_hal_exti.o
 .debug_frame   0x000029cc      0x1ec ./Drivers/STM32H5xx_HAL_Driver/Src/stm32h5xx_hal_gpio.o
 .debug_frame   0x00002bb8      0x268 ./Drivers/STM32H5xx_HAL_Driver/Src/stm32h5xx_hal_rcc.o
 .debug_frame   0x00002e20      0x470 ./Drivers/STM32H5xx_HAL_Driver/Src/stm32h5xx_hal_rcc_ex.o
 .debug_frame   0x00003290     0x1258 ./Drivers/STM32H5xx_HAL_Driver/Src/stm32h5xx_hal_tim.o
 .debug_frame   0x000044e8      0xa70 ./Drivers/STM32H5xx_HAL_Driver/Src/stm32h5xx_hal_tim_ex.o
 .debug_frame   0x00004f58      0xa84 ./Drivers/STM32H5xx_HAL_Driver/Src/stm32h5xx_hal_uart.o
 .debug_frame   0x000059dc       0x20 /opt/st/stm32cubeide_1.18.1/plugins/com.st.stm32cube.ide.mcu.externaltools.gnu-tools-for-stm32.13.3.rel1.linux64_1.0.0.202410170706/tools/bin/../lib/gcc/arm-none-eabi/13.3.1/../../../../arm-none-eabi/lib/thumb/v8-m.main+fp/hard/libc_nano.a(libc_a-memset.o)
 .debug_frame   0x000059fc       0x2c /opt/st/stm32cubeide_1.18.1/plugins/com.st.stm32cube.ide.mcu.externaltools.gnu-tools-for-stm32.13.3.rel1.linux64_1.0.0.202410170706/tools/bin/../lib/gcc/arm-none-eabi/13.3.1/../../../../arm-none-eabi/lib/thumb/v8-m.main+fp/hard/libc_nano.a(libc_a-init.o)
 .debug_frame   0x00005a28       0x2c /opt/st/stm32cubeide_1.18.1/plugins/com.st.stm32cube.ide.mcu.externaltools.gnu-tools-for-stm32.13.3.rel1.linux64_1.0.0.202410170706/tools/bin/../lib/gcc/arm-none-eabi/13.3.1/thumb/v8-m.main+fp/hard/libgcc.a(_aeabi_uldivmod.o)
 .debug_frame   0x00005a54       0x38 /opt/st/stm32cubeide_1.18.1/plugins/com.st.stm32cube.ide.mcu.externaltools.gnu-tools-for-stm32.13.3.rel1.linux64_1.0.0.202410170706/tools/bin/../lib/gcc/arm-none-eabi/13.3.1/thumb/v8-m.main+fp/hard/libgcc.a(_udivmoddi4.o)

.debug_line_str
                0x00000000       0x5c
 .debug_line_str
                0x00000000       0x5c ./Core/Startup/startup_stm32h533retx.o
