../Core/Src/main.c:65:5:main	8	static
../Core/Src/main.c:150:6:SystemClock_Config	120	static
../Core/Src/main.c:200:13:MX_ADC1_Init	40	static
../Core/Src/main.c:259:13:MX_TIM1_Init	120	static
../Core/Src/main.c:351:13:MX_TIM6_Init	24	static
../Core/Src/main.c:389:13:MX_GPIO_Init	40	static
../Core/Src/main.c:417:6:toggleUserLed	8	static
../Core/Src/main.c:422:6:HAL_ADC_ConvCpltCallback	16	static
../Core/Src/main.c:427:6:HAL_TIM_PeriodElapsedCallback	24	static
../Core/Src/main.c:453:6:Error_Handler	4	static,ignoring_inline_asm
