../Core/Src/main.c:68:5:main	8	static
../Core/Src/main.c:142:6:SystemClock_Config	120	static
../Core/Src/main.c:192:13:MX_TIM3_Init	40	static
../Core/Src/main.c:248:13:MX_TIM4_Init	40	static
../Core/Src/main.c:307:13:MX_TIM6_Init	24	static
../Core/Src/main.c:345:13:MX_TIM12_Init	24	static
../Core/Src/main.c:397:13:MX_GPIO_Init	40	static
../Core/Src/main.c:435:6:toggleUserLed	8	static
../Core/Src/main.c:440:6:HAL_TIM_PeriodElapsedCallback	16	static
../Core/Src/main.c:466:6:Error_Handler	4	static,ignoring_inline_asm
